Component: Arm Compiler for Embedded 6.18 Tool: armlink [5e4cc100]

==============================================================================

Section Cross References

    startup_stm32f446xx.o(RESET) refers to startup_stm32f446xx.o(STACK) for __initial_sp
    startup_stm32f446xx.o(RESET) refers to startup_stm32f446xx.o(.text) for Reset_Handler
    startup_stm32f446xx.o(RESET) refers to stm32f4xx_it.o(.text.NMI_Handler) for NMI_Handler
    startup_stm32f446xx.o(RESET) refers to stm32f4xx_it.o(.text.HardFault_Handler) for HardFault_Handler
    startup_stm32f446xx.o(RESET) refers to stm32f4xx_it.o(.text.MemManage_Handler) for MemManage_Handler
    startup_stm32f446xx.o(RESET) refers to stm32f4xx_it.o(.text.BusFault_Handler) for BusFault_Handler
    startup_stm32f446xx.o(RESET) refers to stm32f4xx_it.o(.text.UsageFault_Handler) for UsageFault_Handler
    startup_stm32f446xx.o(RESET) refers to stm32f4xx_it.o(.text.SVC_Handler) for SVC_Handler
    startup_stm32f446xx.o(RESET) refers to stm32f4xx_it.o(.text.DebugMon_Handler) for DebugMon_Handler
    startup_stm32f446xx.o(RESET) refers to stm32f4xx_it.o(.text.PendSV_Handler) for PendSV_Handler
    startup_stm32f446xx.o(RESET) refers to stm32f4xx_it.o(.text.SysTick_Handler) for SysTick_Handler
    startup_stm32f446xx.o(RESET) refers to stm32f4xx_it.o(.text.DMA1_Stream0_IRQHandler) for DMA1_Stream0_IRQHandler
    startup_stm32f446xx.o(RESET) refers to stm32f4xx_it.o(.text.TIM2_IRQHandler) for TIM2_IRQHandler
    startup_stm32f446xx.o(RESET) refers to stm32f4xx_it.o(.text.EXTI15_10_IRQHandler) for EXTI15_10_IRQHandler
    startup_stm32f446xx.o(RESET) refers to stm32f4xx_it.o(.text.DMA1_Stream7_IRQHandler) for DMA1_Stream7_IRQHandler
    startup_stm32f446xx.o(RESET) refers to stm32f4xx_it.o(.text.UART5_IRQHandler) for UART5_IRQHandler
    startup_stm32f446xx.o(.text) refers to system_stm32f4xx.o(.text.SystemInit) for SystemInit
    startup_stm32f446xx.o(.text) refers to entry.o(.ARM.Collect$$$$00000000) for __main
    mcufriend_kbv.o(.ARM.exidx.text.delay) refers to mcufriend_kbv.o(.text.delay) for [Anonymous Symbol]
    mcufriend_kbv.o(.text.LCD_DrawFastVLine) refers to mcufriend_kbv.o(.text.LCD_FillRect) for LCD_FillRect
    mcufriend_kbv.o(.ARM.exidx.text.LCD_DrawFastVLine) refers to mcufriend_kbv.o(.text.LCD_DrawFastVLine) for [Anonymous Symbol]
    mcufriend_kbv.o(.text.LCD_FillRect) refers to mcufriend_kbv.o(.bss.is555) for is555
    mcufriend_kbv.o(.text.LCD_FillRect) refers to mcufriend_kbv.o(.text.color565_to_555) for color565_to_555
    mcufriend_kbv.o(.text.LCD_FillRect) refers to mcufriend_kbv.o(.data._width) for _width
    mcufriend_kbv.o(.text.LCD_FillRect) refers to mcufriend_kbv.o(.data._height) for _height
    mcufriend_kbv.o(.text.LCD_FillRect) refers to mcufriend_kbv.o(.text.LCD_SetAddrWindow) for LCD_SetAddrWindow
    mcufriend_kbv.o(.text.LCD_FillRect) refers to mcufriend_kbv.o(.bss._MW) for _MW
    mcufriend_kbv.o(.text.LCD_FillRect) refers to mcufriend_kbv.o(.bss._lcd_capable) for _lcd_capable
    mcufriend_kbv.o(.text.LCD_FillRect) refers to mcufriend_kbv.o(.bss._lcd_ID) for _lcd_ID
    mcufriend_kbv.o(.text.LCD_FillRect) refers to mcufriend_kbv.o(.bss.rotation) for rotation
    mcufriend_kbv.o(.ARM.exidx.text.LCD_FillRect) refers to mcufriend_kbv.o(.text.LCD_FillRect) for [Anonymous Symbol]
    mcufriend_kbv.o(.text.LCD_DrawFastHLine) refers to mcufriend_kbv.o(.text.LCD_FillRect) for LCD_FillRect
    mcufriend_kbv.o(.ARM.exidx.text.LCD_DrawFastHLine) refers to mcufriend_kbv.o(.text.LCD_DrawFastHLine) for [Anonymous Symbol]
    mcufriend_kbv.o(.text.LCD_FillScreen) refers to mcufriend_kbv.o(.data._width) for _width
    mcufriend_kbv.o(.text.LCD_FillScreen) refers to mcufriend_kbv.o(.data._height) for _height
    mcufriend_kbv.o(.text.LCD_FillScreen) refers to mcufriend_kbv.o(.text.LCD_FillRect) for LCD_FillRect
    mcufriend_kbv.o(.ARM.exidx.text.LCD_FillScreen) refers to mcufriend_kbv.o(.text.LCD_FillScreen) for [Anonymous Symbol]
    mcufriend_kbv.o(.ARM.exidx.text.LCD_Color565) refers to mcufriend_kbv.o(.text.LCD_Color565) for [Anonymous Symbol]
    mcufriend_kbv.o(.text.LCD_ReadPixel) refers to mcufriend_kbv.o(.text.LCD_ReadGRAM) for LCD_ReadGRAM
    mcufriend_kbv.o(.ARM.exidx.text.LCD_ReadPixel) refers to mcufriend_kbv.o(.text.LCD_ReadPixel) for [Anonymous Symbol]
    mcufriend_kbv.o(.text.LCD_ReadGRAM) refers to mcufriend_kbv.o(.bss._MW) for _MW
    mcufriend_kbv.o(.text.LCD_ReadGRAM) refers to mcufriend_kbv.o(.bss.is8347) for is8347
    mcufriend_kbv.o(.text.LCD_ReadGRAM) refers to mcufriend_kbv.o(.bss._lcd_capable) for _lcd_capable
    mcufriend_kbv.o(.text.LCD_ReadGRAM) refers to mcufriend_kbv.o(.text.LCD_SetAddrWindow) for LCD_SetAddrWindow
    mcufriend_kbv.o(.text.LCD_ReadGRAM) refers to mcufriend_kbv.o(.bss._MC) for _MC
    mcufriend_kbv.o(.text.LCD_ReadGRAM) refers to mcufriend_kbv.o(.text.LCD_WriteCmdData) for LCD_WriteCmdData
    mcufriend_kbv.o(.text.LCD_ReadGRAM) refers to mcufriend_kbv.o(.bss._MP) for _MP
[...]
    __NVIC_SetPriorityGrouping               0x08008f4d   Thumb Code    60  stm32f4xx_hal_cortex.o(.text.__NVIC_SetPriorityGrouping)
    [Anonymous Symbol]                       0x08008f4c   Section        0  stm32f4xx_hal_cortex.o(.text.__NVIC_SetPriorityGrouping)
    color555_to_565                          0x08008f89   Thumb Code    34  mcufriend_kbv.o(.text.color555_to_565)
    [Anonymous Symbol]                       0x08008f88   Section        0  mcufriend_kbv.o(.text.color555_to_565)
    color565_to_555                          0x08008fad   Thumb Code    32  mcufriend_kbv.o(.text.color565_to_555)
    [Anonymous Symbol]                       0x08008fac   Section        0  mcufriend_kbv.o(.text.color565_to_555)
    [Anonymous Symbol]                       0x08008fcc   Section        0  mcufriend_kbv.o(.text.delay)
    [Anonymous Symbol]                       0x08009008   Section        0  avatar.o(.text.drawAvatar)
    [Anonymous Symbol]                       0x08009c68   Section        0  main.o(.text.fputc)
    [Anonymous Symbol]                       0x08009c8c   Section        0  main.o(.text.gagnant)
    [Anonymous Symbol]                       0x08009cfc   Section        0  avatar.o(.text.initGame)
    [Anonymous Symbol]                       0x08009d54   Section        0  main.o(.text.initMenu)
    init_table                               0x08009dd9   Thumb Code   166  mcufriend_kbv.o(.text.init_table)
    [Anonymous Symbol]                       0x08009dd8   Section        0  mcufriend_kbv.o(.text.init_table)
    init_table16                             0x08009e81   Thumb Code   104  mcufriend_kbv.o(.text.init_table16)
    [Anonymous Symbol]                       0x08009e80   Section        0  mcufriend_kbv.o(.text.init_table16)
    [Anonymous Symbol]                       0x08009ee8   Section        0  avatar.o(.text.lookColision)
    [Anonymous Symbol]                       0x08009f8c   Section        0  main.o(.text.main)
    [Anonymous Symbol]                       0x0800a3a0   Section        0  avatar.o(.text.moveObstacle)
    read16bits                               0x0800a581   Thumb Code   308  mcufriend_kbv.o(.text.read16bits)
    [Anonymous Symbol]                       0x0800a580   Section        0  mcufriend_kbv.o(.text.read16bits)
    writecmddata                             0x0800a6b5   Thumb Code   576  mcufriend_kbv.o(.text.writecmddata)
    [Anonymous Symbol]                       0x0800a6b4   Section        0  mcufriend_kbv.o(.text.writecmddata)
    i.__0printf                              0x0800a8f4   Section        0  printfa.o(i.__0printf)
    i.__0sprintf                             0x0800a914   Section        0  printfa.o(i.__0sprintf)
    i.__0vsprintf                            0x0800a93c   Section        0  printfa.o(i.__0vsprintf)
    i.__scatterload_copy                     0x0800a960   Section       14  handlers.o(i.__scatterload_copy)
    i.__scatterload_null                     0x0800a96e   Section        2  handlers.o(i.__scatterload_null)
    i.__scatterload_zeroinit                 0x0800a970   Section       14  handlers.o(i.__scatterload_zeroinit)
    _fp_digits                               0x0800a981   Thumb Code   366  printfa.o(i._fp_digits)
    i._fp_digits                             0x0800a980   Section        0  printfa.o(i._fp_digits)
    _printf_core                             0x0800ab05   Thumb Code  1744  printfa.o(i._printf_core)
    i._printf_core                           0x0800ab04   Section        0  printfa.o(i._printf_core)
    _printf_post_padding                     0x0800b1e1   Thumb Code    36  printfa.o(i._printf_post_padding)
    i._printf_post_padding                   0x0800b1e0   Section        0  printfa.o(i._printf_post_padding)
    _printf_pre_padding                      0x0800b205   Thumb Code    46  printfa.o(i._printf_pre_padding)
    i._printf_pre_padding                    0x0800b204   Section        0  printfa.o(i._printf_pre_padding)
    _sputc                                   0x0800b233   Thumb Code    10  printfa.o(i._sputc)
    i._sputc                                 0x0800b232   Section        0  printfa.o(i._sputc)
    DMA_CalcBaseAndBitshift.flagBitshiftOffset 0x0800b254   Data           8  stm32f4xx_hal_dma.o(.rodata.DMA_CalcBaseAndBitshift.flagBitshiftOffset)
    [Anonymous Symbol]                       0x0800b254   Section        0  stm32f4xx_hal_dma.o(.rodata.DMA_CalcBaseAndBitshift.flagBitshiftOffset)
    LCD_Begin.FK8031_regValues               0x0800b25c   Data          18  mcufriend_kbv.o(.rodata.LCD_Begin.FK8031_regValues)
    [Anonymous Symbol]                       0x0800b25c   Section        0  mcufriend_kbv.o(.rodata.LCD_Begin.FK8031_regValues)
    LCD_Begin.HX8347G_2_regValues            0x0800b26e   Data         112  mcufriend_kbv.o(.rodata.LCD_Begin.HX8347G_2_regValues)
    [Anonymous Symbol]                       0x0800b26e   Section        0  mcufriend_kbv.o(.rodata.LCD_Begin.HX8347G_2_regValues)
    LCD_Begin.HX8357C_regValues              0x0800b2de   Data           2  mcufriend_kbv.o(.rodata.LCD_Begin.HX8357C_regValues)
    [Anonymous Symbol]                       0x0800b2de   Section        0  mcufriend_kbv.o(.rodata.LCD_Begin.HX8357C_regValues)
    LCD_Begin.HX8357_99_regValues            0x0800b2e0   Data          29  mcufriend_kbv.o(.rodata.LCD_Begin.HX8357_99_regValues)
    [Anonymous Symbol]                       0x0800b2e0   Section        0  mcufriend_kbv.o(.rodata.LCD_Begin.HX8357_99_regValues)
    LCD_Begin.ILI9320_regValues              0x0800b2fe   Data         216  mcufriend_kbv.o(.rodata.LCD_Begin.ILI9320_regValues)
    [Anonymous Symbol]                       0x0800b2fe   Section        0  mcufriend_kbv.o(.rodata.LCD_Begin.ILI9320_regValues)
    LCD_Begin.ILI9325_regValues              0x0800b3d6   Data         204  mcufriend_kbv.o(.rodata.LCD_Begin.ILI9325_regValues)
    [Anonymous Symbol]                       0x0800b3d6   Section        0  mcufriend_kbv.o(.rodata.LCD_Begin.ILI9325_regValues)
    LCD_Begin.ILI9327_regValues              0x0800b4a2   Data          30  mcufriend_kbv.o(.rodata.LCD_Begin.ILI9327_regValues)
    [Anonymous Symbol]                       0x0800b4a2   Section        0  mcufriend_kbv.o(.rodata.LCD_Begin.ILI9327_regValues)
    LCD_Begin.ILI9329_regValues              0x0800b4c0   Data           3  mcufriend_kbv.o(.rodata.LCD_Begin.ILI9329_regValues)
    [Anonymous Symbol]                       0x0800b4c0   Section        0  mcufriend_kbv.o(.rodata.LCD_Begin.ILI9329_regValues)
    LCD_Begin.ILI9341_regValues_2_4          0x0800b4c3   Data         101  mcufriend_kbv.o(.rodata.LCD_Begin.ILI9341_regValues_2_4)
    [Anonymous Symbol]                       0x0800b4c3   Section        0  mcufriend_kbv.o(.rodata.LCD_Begin.ILI9341_regValues_2_4)
    LCD_Begin.ILI9481_regValues              0x0800b528   Data          69  mcufriend_kbv.o(.rodata.LCD_Begin.ILI9481_regValues)
    [Anonymous Symbol]                       0x0800b528   Section        0  mcufriend_kbv.o(.rodata.LCD_Begin.ILI9481_regValues)
    LCD_Begin.ILI9486_regValues              0x0800b56d   Data          59  mcufriend_kbv.o(.rodata.LCD_Begin.ILI9486_regValues)
    [Anonymous Symbol]                       0x0800b56d   Section        0  mcufriend_kbv.o(.rodata.LCD_Begin.ILI9486_regValues)
    LCD_Begin.ILI9488_regValues_max          0x0800b5a8   Data          43  mcufriend_kbv.o(.rodata.LCD_Begin.ILI9488_regValues_max)
    [Anonymous Symbol]                       0x0800b5a8   Section        0  mcufriend_kbv.o(.rodata.LCD_Begin.ILI9488_regValues_max)
    LCD_Begin.LGDP4535_regValues             0x0800b5d4   Data         156  mcufriend_kbv.o(.rodata.LCD_Begin.LGDP4535_regValues)
    [Anonymous Symbol]                       0x0800b5d4   Section        0  mcufriend_kbv.o(.rodata.LCD_Begin.LGDP4535_regValues)
    LCD_Begin.NT35310_regValues              0x0800b670   Data           2  mcufriend_kbv.o(.rodata.LCD_Begin.NT35310_regValues)
    [Anonymous Symbol]                       0x0800b670   Section        0  mcufriend_kbv.o(.rodata.LCD_Begin.NT35310_regValues)
    LCD_Begin.R61505V_regValues              0x0800b672   Data         176  mcufriend_kbv.o(.rodata.LCD_Begin.R61505V_regValues)
    [Anonymous Symbol]                       0x0800b672   Section        0  mcufriend_kbv.o(.rodata.LCD_Begin.R61505V_regValues)
    LCD_Begin.R61509V_regValues              0x0800b722   Data         192  mcufriend_kbv.o(.rodata.LCD_Begin.R61509V_regValues)
    [Anonymous Symbol]                       0x0800b722   Section        0  mcufriend_kbv.o(.rodata.LCD_Begin.R61509V_regValues)
    LCD_Begin.R61511_regValues               0x0800b7e2   Data           3  mcufriend_kbv.o(.rodata.LCD_Begin.R61511_regValues)
    [Anonymous Symbol]                       0x0800b7e2   Section        0  mcufriend_kbv.o(.rodata.LCD_Begin.R61511_regValues)
    LCD_Begin.R61520_regValues               0x0800b7e5   Data           6  mcufriend_kbv.o(.rodata.LCD_Begin.R61520_regValues)
    [Anonymous Symbol]                       0x0800b7e5   Section        0  mcufriend_kbv.o(.rodata.LCD_Begin.R61520_regValues)
    LCD_Begin.R61526_regValues               0x0800b7eb   Data          12  mcufriend_kbv.o(.rodata.LCD_Begin.R61526_regValues)
    [Anonymous Symbol]                       0x0800b7eb   Section        0  mcufriend_kbv.o(.rodata.LCD_Begin.R61526_regValues)
    LCD_Begin.RM68140_regValues_max          0x0800b7f7   Data           3  mcufriend_kbv.o(.rodata.LCD_Begin.RM68140_regValues_max)
    [Anonymous Symbol]                       0x0800b7f7   Section        0  mcufriend_kbv.o(.rodata.LCD_Begin.RM68140_regValues_max)
    LCD_Begin.S6D0154_regValues              0x0800b7fa   Data         156  mcufriend_kbv.o(.rodata.LCD_Begin.S6D0154_regValues)
    [Anonymous Symbol]                       0x0800b7fa   Section        0  mcufriend_kbv.o(.rodata.LCD_Begin.S6D0154_regValues)
    LCD_Begin.ST7781_regValues               0x0800b896   Data         144  mcufriend_kbv.o(.rodata.LCD_Begin.ST7781_regValues)
    [Anonymous Symbol]                       0x0800b896   Section        0  mcufriend_kbv.o(.rodata.LCD_Begin.ST7781_regValues)
    LCD_Begin.ST7789_regValues               0x0800b926   Data          65  mcufriend_kbv.o(.rodata.LCD_Begin.ST7789_regValues)
    [Anonymous Symbol]                       0x0800b926   Section        0  mcufriend_kbv.o(.rodata.LCD_Begin.ST7789_regValues)
    LCD_Begin.reset_off                      0x0800b967   Data           9  mcufriend_kbv.o(.rodata.LCD_Begin.reset_off)
    [Anonymous Symbol]                       0x0800b967   Section        0  mcufriend_kbv.o(.rodata.LCD_Begin.reset_off)
    LCD_Begin.wake_on                        0x0800b970   Data           6  mcufriend_kbv.o(.rodata.LCD_Begin.wake_on)
    [Anonymous Symbol]                       0x0800b970   Section        0  mcufriend_kbv.o(.rodata.LCD_Begin.wake_on)
    font                                     0x0800b976   Data         640  mcufriend_kbv.o(.rodata.font)
    [Anonymous Symbol]                       0x0800b976   Section        0  mcufriend_kbv.o(.rodata.font)
    .L.str                                   0x0800bbf6   Data          10  avatar.o(.rodata.str1.1)
    [Anonymous Symbol]                       0x0800bbf6   Section        0  avatar.o(.rodata.str1.1)
    .L.str.4                                 0x0800bc00   Data          15  main.o(.rodata.str1.1)
    [Anonymous Symbol]                       0x0800bc00   Section        0  main.o(.rodata.str1.1)
    .L.str.3                                 0x0800bc0f   Data          11  main.o(.rodata.str1.1)
    .L.str.5                                 0x0800bc1a   Data           7  main.o(.rodata.str1.1)
    .L.str                                   0x0800bc21   Data          10  main.o(.rodata.str1.1)
    .L.str.1                                 0x0800bc2b   Data          10  main.o(.rodata.str1.1)
    .L.str.2                                 0x0800bc35   Data          17  main.o(.rodata.str1.1)
    _rand_state                              0x20000000   Data           4  rand.o(.data)
    .data                                    0x20000000   Section        4  rand.o(.data)
    .data                                    0x20000004   Section        4  stdout.o(.data)
    LCD_Printf.buf                           0x20000031   Data         256  mcufriend_kbv.o(.bss.LCD_Printf.buf)
    [Anonymous Symbol]                       0x20000031   Section        0  mcufriend_kbv.o(.bss.LCD_Printf.buf)
    done_reset                               0x20000180   Data           1  mcufriend_kbv.o(.bss.done_reset)
    [Anonymous Symbol]                       0x20000180   Section        0  mcufriend_kbv.o(.bss.done_reset)
    is555                                    0x20000375   Data           1  mcufriend_kbv.o(.bss.is555)
    [Anonymous Symbol]                       0x20000375   Section        0  mcufriend_kbv.o(.bss.is555)
    is8347                                   0x20000376   Data           1  mcufriend_kbv.o(.bss.is8347)
    [Anonymous Symbol]                       0x20000376   Section        0  mcufriend_kbv.o(.bss.is8347)
    STACK                                    0x200003c0   Section     1024  startup_stm32f446xx.o(STACK)

    Global Symbols

    Symbol Name                              Value     Ov Type        Size  Object(Section)

    BuildAttributes$$THM_ISAv4$E$P$D$K$B$S$7EM$VFPi3$EXTD16$VFPS$VFMA$PE$A:L22UL41UL21$X:L11$S22US41US21$IEEE1$IW$~IW$USESV6$~STKCKD$USESV7$~SHL$OTIME$ROPI$IEEEX$EBA8$MICROLIB$REQ8$PRES8$EABIv2 0x00000000   Number         0  anon$$obj.o ABSOLUTE
    __cpp_initialize__aeabi_                  - Undefined Weak Reference
    __cxa_finalize                            - Undefined Weak Reference
    __decompress                              - Undefined Weak Reference
    _clock_init                               - Undefined Weak Reference
    _microlib_exit                            - Undefined Weak Reference
    __Vectors_Size                           0x000001c4   Number         0  startup_stm32f446xx.o ABSOLUTE
    __Vectors                                0x08000000   Data           4  startup_stm32f446xx.o(RESET)
    __Vectors_End                            0x080001c4   Data           0  startup_stm32f446xx.o(RESET)
    __main                                   0x080001c5   Thumb Code     0  entry.o(.ARM.Collect$$$$00000000)
    _main_stk                                0x080001c5   Thumb Code     0  entry2.o(.ARM.Collect$$$$00000001)
    _main_scatterload                        0x080001c9   Thumb Code     0  entry5.o(.ARM.Collect$$$$00000004)
    __main_after_scatterload                 0x080001cd   Thumb Code     0  entry5.o(.ARM.Collect$$$$00000004)
    _main_clock                              0x080001cd   Thumb Code     0  entry7b.o(.ARM.Collect$$$$00000008)
    _main_cpp_init                           0x080001cd   Thumb Code     0  entry8b.o(.ARM.Collect$$$$0000000A)
    _main_init                               0x080001cd   Thumb Code     0  entry9a.o(.ARM.Collect$$$$0000000B)
    __rt_final_cpp                           0x080001d5   Thumb Code     0  entry10a.o(.ARM.Collect$$$$0000000D)
    __rt_final_exit                          0x080001d5   Thumb Code     0  entry11a.o(.ARM.Collect$$$$0000000F)
    Reset_Handler                            0x080001d9   Thumb Code     8  startup_stm32f446xx.o(.text)
    ADC_IRQHandler                           0x080001f3   Thumb Code     0  startup_stm32f446xx.o(.text)
    CAN1_RX0_IRQHandler                      0x080001f3   Thumb Code     0  startup_stm32f446xx.o(.text)
    CAN1_RX1_IRQHandler                      0x080001f3   Thumb Code     0  startup_stm32f446xx.o(.text)
    CAN1_SCE_IRQHandler                      0x080001f3   Thumb Code     0  startup_stm32f446xx.o(.text)
    CAN1_TX_IRQHandler                       0x080001f3   Thumb Code     0  startup_stm32f446xx.o(.text)
    CAN2_RX0_IRQHandler                      0x080001f3   Thumb Code     0  startup_stm32f446xx.o(.text)
    CAN2_RX1_IRQHandler                      0x080001f3   Thumb Code     0  startup_stm32f446xx.o(.text)
    CAN2_SCE_IRQHandler                      0x080001f3   Thumb Code     0  startup_stm32f446xx.o(.text)
    CAN2_TX_IRQHandler                       0x080001f3   Thumb Code     0  startup_stm32f446xx.o(.text)
    CEC_IRQHandler                           0x080001f3   Thumb Code     0  startup_stm32f446xx.o(.text)
    DCMI_IRQHandler                          0x080001f3   Thumb Code     0  startup_stm32f446xx.o(.text)
    DMA1_Stream1_IRQHandler                  0x080001f3   Thumb Code     0  startup_stm32f446xx.o(.text)
    DMA1_Stream2_IRQHandler                  0x080001f3   Thumb Code     0  startup_stm32f446xx.o(.text)
    DMA1_Stream3_IRQHandler                  0x080001f3   Thumb Code     0  startup_stm32f446xx.o(.text)
    DMA1_Stream4_IRQHandler                  0x080001f3   Thumb Code     0  startup_stm32f446xx.o(.text)
    DMA1_Stream5_IRQHandler                  0x080001f3   Thumb Code     0  startup_stm32f446xx.o(.text)
    DMA1_Stream6_IRQHandler                  0x080001f3   Thumb Code     0  startup_stm32f446xx.o(.text)
    DMA2_Stream0_IRQHandler                  0x080001f3   Thumb Code     0  startup_stm32f446xx.o(.text)
    DMA2_Stream1_IRQHandler                  0x080001f3   Thumb Code     0  startup_stm32f446xx.o(.text)
    DMA2_Stream2_IRQHandler                  0x080001f3   Thumb Code     0  startup_stm32f446xx.o(.text)
    DMA2_Stream3_IRQHandler                  0x080001f3   Thumb Code     0  startup_stm32f446xx.o(.text)
    DMA2_Stream4_IRQHandler                  0x080001f3   Thumb Code     0  startup_stm32f446xx.o(.text)
    DMA2_Stream5_IRQHandler                  0x080001f3   Thumb Code     0  startup_stm32f446xx.o(.text)
    DMA2_Stream6_IRQHandler                  0x080001f3   Thumb Code     0  startup_stm32f446xx.o(.text)
    DMA2_Stream7_IRQHandler                  0x080001f3   Thumb Code     0  startup_stm32f446xx.o(.text)
    EXTI0_IRQHandler                         0x080001f3   Thumb Code     0  startup_stm32f446xx.o(.text)
    EXTI1_IRQHandler                         0x080001f3   Thumb Code     0  startup_stm32f446xx.o(.text)
    EXTI2_IRQHandler                         0x080001f3   Thumb Code     0  startup_stm32f446xx.o(.text)
    EXTI3_IRQHandler                         0x080001f3   Thumb Code     0  startup_stm32f446xx.o(.text)
    EXTI4_IRQHandler                         0x080001f3   Thumb Code     0  startup_stm32f446xx.o(.text)
    EXTI9_5_IRQHandler                       0x080001f3   Thumb Code     0  startup_stm32f446xx.o(.text)
    FLASH_IRQHandler                         0x080001f3   Thumb Code     0  startup_stm32f446xx.o(.text)
    FMC_IRQHandler                           0x080001f3   Thumb Code     0  startup_stm32f446xx.o(.text)
    FMPI2C1_ER_IRQHandler                    0x080001f3   Thumb Code     0  startup_stm32f446xx.o(.text)
    FMPI2C1_EV_IRQHandler                    0x080001f3   Thumb Code     0  startup_stm32f446xx.o(.text)
    FPU_IRQHandler                           0x080001f3   Thumb Code     0  startup_stm32f446xx.o(.text)
    I2C1_ER_IRQHandler                       0x080001f3   Thumb Code     0  startup_stm32f446xx.o(.text)
    I2C1_EV_IRQHandler                       0x080001f3   Thumb Code     0  startup_stm32f446xx.o(.text)
    I2C2_ER_IRQHandler                       0x080001f3   Thumb Code     0  startup_stm32f446xx.o(.text)
    I2C2_EV_IRQHandler                       0x080001f3   Thumb Code     0  startup_stm32f446xx.o(.text)
    I2C3_ER_IRQHandler                       0x080001f3   Thumb Code     0  startup_stm32f446xx.o(.text)
    I2C3_EV_IRQHandler                       0x080001f3   Thumb Code     0  startup_stm32f446xx.o(.text)
    OTG_FS_IRQHandler                        0x080001f3   Thumb Code     0  startup_stm32f446xx.o(.text)
    OTG_FS_WKUP_IRQHandler                   0x080001f3   Thumb Code     0  startup_stm32f446xx.o(.text)
    OTG_HS_EP1_IN_IRQHandler                 0x080001f3   Thumb Code     0  startup_stm32f446xx.o(.text)
    OTG_HS_EP1_OUT_IRQHandler                0x080001f3   Thumb Code     0  startup_stm32f446xx.o(.text)
    OTG_HS_IRQHandler                        0x080001f3   Thumb Code     0  startup_stm32f446xx.o(.text)
    OTG_HS_WKUP_IRQHandler                   0x080001f3   Thumb Code     0  startup_stm32f446xx.o(.text)
    PVD_IRQHandler                           0x080001f3   Thumb Code     0  startup_stm32f446xx.o(.text)
    QUADSPI_IRQHandler                       0x080001f3   Thumb Code     0  startup_stm32f446xx.o(.text)
    RCC_IRQHandler                           0x080001f3   Thumb Code     0  startup_stm32f446xx.o(.text)
    RTC_Alarm_IRQHandler                     0x080001f3   Thumb Code     0  startup_stm32f446xx.o(.text)
    RTC_WKUP_IRQHandler                      0x080001f3   Thumb Code     0  startup_stm32f446xx.o(.text)
    SAI1_IRQHandler                          0x080001f3   Thumb Code     0  startup_stm32f446xx.o(.text)
    SAI2_IRQHandler                          0x080001f3   Thumb Code     0  startup_stm32f446xx.o(.text)
    SDIO_IRQHandler                          0x080001f3   Thumb Code     0  startup_stm32f446xx.o(.text)
    SPDIF_RX_IRQHandler                      0x080001f3   Thumb Code     0  startup_stm32f446xx.o(.text)
    SPI1_IRQHandler                          0x080001f3   Thumb Code     0  startup_stm32f446xx.o(.text)
    SPI2_IRQHandler                          0x080001f3   Thumb Code     0  startup_stm32f446xx.o(.text)
    SPI3_IRQHandler                          0x080001f3   Thumb Code     0  startup_stm32f446xx.o(.text)
    SPI4_IRQHandler                          0x080001f3   Thumb Code     0  startup_stm32f446xx.o(.text)
    TAMP_STAMP_IRQHandler                    0x080001f3   Thumb Code     0  startup_stm32f446xx.o(.text)
    TIM1_BRK_TIM9_IRQHandler                 0x080001f3   Thumb Code     0  startup_stm32f446xx.o(.text)
    TIM1_CC_IRQHandler                       0x080001f3   Thumb Code     0  startup_stm32f446xx.o(.text)
    TIM1_TRG_COM_TIM11_IRQHandler            0x080001f3   Thumb Code     0  startup_stm32f446xx.o(.text)
    TIM1_UP_TIM10_IRQHandler                 0x080001f3   Thumb Code     0  startup_stm32f446xx.o(.text)
    TIM3_IRQHandler                          0x080001f3   Thumb Code     0  startup_stm32f446xx.o(.text)
    TIM4_IRQHandler                          0x080001f3   Thumb Code     0  startup_stm32f446xx.o(.text)
    TIM5_IRQHandler                          0x080001f3   Thumb Code     0  startup_stm32f446xx.o(.text)
    TIM6_DAC_IRQHandler                      0x080001f3   Thumb Code     0  startup_stm32f446xx.o(.text)
    TIM7_IRQHandler                          0x080001f3   Thumb Code     0  startup_stm32f446xx.o(.text)
    TIM8_BRK_TIM12_IRQHandler                0x080001f3   Thumb Code     0  startup_stm32f446xx.o(.text)
    TIM8_CC_IRQHandler                       0x080001f3   Thumb Code     0  startup_stm32f446xx.o(.text)
    TIM8_TRG_COM_TIM14_IRQHandler            0x080001f3   Thumb Code     0  startup_stm32f446xx.o(.text)
    TIM8_UP_TIM13_IRQHandler                 0x080001f3   Thumb Code     0  startup_stm32f446xx.o(.text)
    UART4_IRQHandler                         0x080001f3   Thumb Code     0  startup_stm32f446xx.o(.text)
    USART1_IRQHandler                        0x080001f3   Thumb Code     0  startup_stm32f446xx.o(.text)
    USART2_IRQHandler                        0x080001f3   Thumb Code     0  startup_stm32f446xx.o(.text)
    USART3_IRQHandler                        0x080001f3   Thumb Code     0  startup_stm32f446xx.o(.text)
    USART6_IRQHandler                        0x080001f3   Thumb Code     0  startup_stm32f446xx.o(.text)
    WWDG_IRQHandler                          0x080001f3   Thumb Code     0  startup_stm32f446xx.o(.text)
    __aeabi_uldivmod                         0x080001fd   Thumb Code    98  uldiv.o(.text)
    rand                                     0x08000261   Thumb Code    20  rand.o(.text)
    srand                                    0x08000275   Thumb Code     6  rand.o(.text)
    abs                                      0x08000285   Thumb Code     8  siabs.o(.text)
    __aeabi_memset                           0x0800028d   Thumb Code    14  memseta.o(.text)
    __aeabi_memset4                          0x0800028d   Thumb Code     0  memseta.o(.text)
    __aeabi_memset8                          0x0800028d   Thumb Code     0  memseta.o(.text)
    __aeabi_memclr                           0x0800029b   Thumb Code     4  memseta.o(.text)
    __aeabi_memclr4                          0x0800029b   Thumb Code     0  memseta.o(.text)
    __aeabi_memclr8                          0x0800029b   Thumb Code     0  memseta.o(.text)
    _memset$wrapper                          0x0800029f   Thumb Code    18  memseta.o(.text)
    __aeabi_dadd                             0x080002b1   Thumb Code   322  dadd.o(.text)
    __aeabi_dsub                             0x080003f3   Thumb Code     6  dadd.o(.text)
    __aeabi_drsub                            0x080003f9   Thumb Code     6  dadd.o(.text)
    __aeabi_dmul                             0x080003ff   Thumb Code   228  dmul.o(.text)
    __aeabi_ddiv                             0x080004e3   Thumb Code   222  ddiv.o(.text)
    __aeabi_ui2d                             0x080005c1   Thumb Code    26  dfltui.o(.text)
    __aeabi_d2uiz                            0x080005db   Thumb Code    50  dfixui.o(.text)
    __aeabi_uidiv                            0x0800060d   Thumb Code     0  uidiv.o(.text)
    __aeabi_uidivmod                         0x0800060d   Thumb Code    44  uidiv.o(.text)
    __aeabi_llsl                             0x08000639   Thumb Code    30  llshl.o(.text)
    _ll_shift_l                              0x08000639   Thumb Code     0  llshl.o(.text)
    __aeabi_llsr                             0x08000657   Thumb Code    32  llushr.o(.text)
    _ll_ushift_r                             0x08000657   Thumb Code     0  llushr.o(.text)
    __aeabi_lasr                             0x08000677   Thumb Code    36  llsshr.o(.text)
    _ll_sshift_r                             0x08000677   Thumb Code     0  llsshr.o(.text)
    __I$use$fp                               0x0800069b   Thumb Code     0  iusefp.o(.text)
    _double_round                            0x0800069b   Thumb Code    30  depilogue.o(.text)
    _double_epilogue                         0x080006b9   Thumb Code   156  depilogue.o(.text)
    __aeabi_d2ulz                            0x08000755   Thumb Code    48  dfixul.o(.text)
    __aeabi_cdrcmple                         0x08000785   Thumb Code    48  cdrcmple.o(.text)
    __scatterload                            0x080007b5   Thumb Code    28  init.o(.text)
    __scatterload_rt2                        0x080007b5   Thumb Code     0  init.o(.text)
    BusFault_Handler                         0x080007d9   Thumb Code     4  stm32f4xx_it.o(.text.BusFault_Handler)
    DMA1_Stream0_IRQHandler                  0x080007dd   Thumb Code    16  stm32f4xx_it.o(.text.DMA1_Stream0_IRQHandler)
    DMA1_Stream7_IRQHandler                  0x080007ed   Thumb Code    16  stm32f4xx_it.o(.text.DMA1_Stream7_IRQHandler)
    DebugMon_Handler                         0x08000995   Thumb Code     2  stm32f4xx_it.o(.text.DebugMon_Handler)
    EXTI15_10_IRQHandler                     0x08000999   Thumb Code    20  stm32f4xx_it.o(.text.EXTI15_10_IRQHandler)
    Error_Handler                            0x080009ad   Thumb Code    14  main.o(.text.Error_Handler)
    HAL_DMA_Abort                            0x080009bd   Thumb Code   236  stm32f4xx_hal_dma.o(.text.HAL_DMA_Abort)
    HAL_DMA_Abort_IT                         0x08000aa9   Thumb Code    68  stm32f4xx_hal_dma.o(.text.HAL_DMA_Abort_IT)
    HAL_DMA_IRQHandler                       0x08000aed   Thumb Code   798  stm32f4xx_hal_dma.o(.text.HAL_DMA_IRQHandler)
    HAL_DMA_Init                             0x08000e0d   Thumb Code   366  stm32f4xx_hal_dma.o(.text.HAL_DMA_Init)
    HAL_DMA_Start_IT                         0x08000f7d   Thumb Code   194  stm32f4xx_hal_dma.o(.text.HAL_DMA_Start_IT)
    HAL_Delay                                0x08001041   Thumb Code    66  stm32f4xx_hal.o(.text.HAL_Delay)
    HAL_GPIO_EXTI_Callback                   0x08001085   Thumb Code    94  main.o(.text.HAL_GPIO_EXTI_Callback)
    HAL_GPIO_EXTI_IRQHandler                 0x080010e5   Thumb Code    56  stm32f4xx_hal_gpio.o(.text.HAL_GPIO_EXTI_IRQHandler)
    HAL_GPIO_Init                            0x0800111d   Thumb Code   922  stm32f4xx_hal_gpio.o(.text.HAL_GPIO_Init)
    HAL_GPIO_ReadPin                         0x080014b9   Thumb Code    46  stm32f4xx_hal_gpio.o(.text.HAL_GPIO_ReadPin)
    HAL_GPIO_WritePin                        0x080014e9   Thumb Code    46  stm32f4xx_hal_gpio.o(.text.HAL_GPIO_WritePin)
    HAL_GetTick                              0x08001519   Thumb Code    12  stm32f4xx_hal.o(.text.HAL_GetTick)
    HAL_IncTick                              0x08001525   Thumb Code    26  stm32f4xx_hal.o(.text.HAL_IncTick)
    HAL_Init                                 0x08001541   Thumb Code    60  stm32f4xx_hal.o(.text.HAL_Init)
    HAL_InitTick                             0x0800157d   Thumb Code   112  stm32f4xx_hal.o(.text.HAL_InitTick)
    HAL_MspInit                              0x080015ed   Thumb Code    82  stm32f4xx_hal_msp.o(.text.HAL_MspInit)
    HAL_NVIC_EnableIRQ                       0x08001641   Thumb Code    20  stm32f4xx_hal_cortex.o(.text.HAL_NVIC_EnableIRQ)
    HAL_NVIC_SetPriority                     0x08001655   Thumb Code    50  stm32f4xx_hal_cortex.o(.text.HAL_NVIC_SetPriority)
    HAL_NVIC_SetPriorityGrouping             0x08001689   Thumb Code    16  stm32f4xx_hal_cortex.o(.text.HAL_NVIC_SetPriorityGrouping)
    HAL_RCC_ClockConfig                      0x08001699   Thumb Code   610  stm32f4xx_hal_rcc.o(.text.HAL_RCC_ClockConfig)
    HAL_RCC_GetHCLKFreq                      0x080018fd   Thumb Code    12  stm32f4xx_hal_rcc.o(.text.HAL_RCC_GetHCLKFreq)
    HAL_RCC_GetPCLK1Freq                     0x08001909   Thumb Code    34  stm32f4xx_hal_rcc.o(.text.HAL_RCC_GetPCLK1Freq)
    HAL_RCC_GetPCLK2Freq                     0x0800192d   Thumb Code    34  stm32f4xx_hal_rcc.o(.text.HAL_RCC_GetPCLK2Freq)
    HAL_RCC_GetSysClockFreq                  0x08001951   Thumb Code   368  stm32f4xx_hal_rcc_ex.o(.text.HAL_RCC_GetSysClockFreq)
    HAL_RCC_OscConfig                        0x08001ac1   Thumb Code  1830  stm32f4xx_hal_rcc_ex.o(.text.HAL_RCC_OscConfig)
    HAL_SYSTICK_Callback                     0x080021e9   Thumb Code   290  main.o(.text.HAL_SYSTICK_Callback)
    HAL_SYSTICK_Config                       0x0800230d   Thumb Code    16  stm32f4xx_hal_cortex.o(.text.HAL_SYSTICK_Config)
    HAL_TIMEx_BreakCallback                  0x0800231d   Thumb Code     8  stm32f4xx_hal_tim_ex.o(.text.HAL_TIMEx_BreakCallback)
    HAL_TIMEx_CommutCallback                 0x08002325   Thumb Code     8  stm32f4xx_hal_tim_ex.o(.text.HAL_TIMEx_CommutCallback)
    HAL_TIMEx_ConfigBreakDeadTime            0x0800232d   Thumb Code   178  stm32f4xx_hal_tim_ex.o(.text.HAL_TIMEx_ConfigBreakDeadTime)
    HAL_TIMEx_MasterConfigSynchronization    0x080023e1   Thumb Code   290  stm32f4xx_hal_tim_ex.o(.text.HAL_TIMEx_MasterConfigSynchronization)
    HAL_TIM_Base_Init                        0x08002505   Thumb Code   156  stm32f4xx_hal_tim.o(.text.HAL_TIM_Base_Init)
    HAL_TIM_Base_MspInit                     0x080025a1   Thumb Code    60  tim.o(.text.HAL_TIM_Base_MspInit)
    HAL_TIM_ConfigClockSource                0x080025dd   Thumb Code   388  stm32f4xx_hal_tim.o(.text.HAL_TIM_ConfigClockSource)
    HAL_TIM_IC_CaptureCallback               0x08002761   Thumb Code   296  main.o(.text.HAL_TIM_IC_CaptureCallback)
    HAL_TIM_IC_ConfigChannel                 0x08002889   Thumb Code   304  stm32f4xx_hal_tim.o(.text.HAL_TIM_IC_ConfigChannel)
    HAL_TIM_IC_Init                          0x080029b9   Thumb Code   156  stm32f4xx_hal_tim.o(.text.HAL_TIM_IC_Init)
    HAL_TIM_IC_MspInit                       0x08002a55   Thumb Code   142  tim.o(.text.HAL_TIM_IC_MspInit)
    HAL_TIM_IC_Start_IT                      0x08002ae5   Thumb Code   678  stm32f4xx_hal_tim.o(.text.HAL_TIM_IC_Start_IT)
    HAL_TIM_IRQHandler                       0x08002d8d   Thumb Code   634  stm32f4xx_hal_tim.o(.text.HAL_TIM_IRQHandler)
    HAL_TIM_MspPostInit                      0x08003009   Thumb Code   188  tim.o(.text.HAL_TIM_MspPostInit)
    HAL_TIM_OC_DelayElapsedCallback          0x080030c5   Thumb Code     8  stm32f4xx_hal_tim.o(.text.HAL_TIM_OC_DelayElapsedCallback)
    HAL_TIM_PWM_ConfigChannel                0x080030cd   Thumb Code   322  stm32f4xx_hal_tim.o(.text.HAL_TIM_PWM_ConfigChannel)
    HAL_TIM_PWM_Init                         0x08003211   Thumb Code   156  stm32f4xx_hal_tim.o(.text.HAL_TIM_PWM_Init)
    HAL_TIM_PWM_MspInit                      0x080032ad   Thumb Code   156  tim.o(.text.HAL_TIM_PWM_MspInit)
    HAL_TIM_PWM_PulseFinishedCallback        0x08003349   Thumb Code     8  stm32f4xx_hal_tim.o(.text.HAL_TIM_PWM_PulseFinishedCallback)
    HAL_TIM_PWM_Start                        0x08003351   Thumb Code   458  stm32f4xx_hal_tim.o(.text.HAL_TIM_PWM_Start)
    HAL_TIM_PWM_Stop                         0x0800351d   Thumb Code   262  stm32f4xx_hal_tim.o(.text.HAL_TIM_PWM_Stop)
    HAL_TIM_PeriodElapsedCallback            0x08003625   Thumb Code     8  stm32f4xx_hal_tim.o(.text.HAL_TIM_PeriodElapsedCallback)
    HAL_TIM_ReadCapturedValue                0x0800362d   Thumb Code    86  stm32f4xx_hal_tim.o(.text.HAL_TIM_ReadCapturedValue)
    HAL_TIM_TriggerCallback                  0x08003685   Thumb Code     8  stm32f4xx_hal_tim.o(.text.HAL_TIM_TriggerCallback)
    HAL_UARTEx_RxEventCallback               0x0800368d   Thumb Code    12  stm32f4xx_hal_uart.o(.text.HAL_UARTEx_RxEventCallback)
    HAL_UART_ErrorCallback                   0x08003699   Thumb Code     8  stm32f4xx_hal_uart.o(.text.HAL_UART_ErrorCallback)
    HAL_UART_IRQHandler                      0x080036a1   Thumb Code  1054  stm32f4xx_hal_uart.o(.text.HAL_UART_IRQHandler)
    HAL_UART_Init                            0x08003ac1   Thumb Code   154  stm32f4xx_hal_uart.o(.text.HAL_UART_Init)
    HAL_UART_MspInit                         0x08003b5d   Thumb Code   556  usart.o(.text.HAL_UART_MspInit)
    HAL_UART_Receive_DMA                     0x08003d89   Thumb Code   120  stm32f4xx_hal_uart.o(.text.HAL_UART_Receive_DMA)
    HAL_UART_RxCpltCallback                  0x08003e01   Thumb Code   184  main.o(.text.HAL_UART_RxCpltCallback)
    HAL_UART_RxHalfCpltCallback              0x08003eb9   Thumb Code     8  stm32f4xx_hal_uart.o(.text.HAL_UART_RxHalfCpltCallback)
    HAL_UART_Transmit                        0x08003ec1   Thumb Code   334  stm32f4xx_hal_uart.o(.text.HAL_UART_Transmit)
    HAL_UART_Transmit_DMA                    0x08004011   Thumb Code   272  stm32f4xx_hal_uart.o(.text.HAL_UART_Transmit_DMA)
    HAL_UART_TxCpltCallback                  0x08004121   Thumb Code    32  main.o(.text.HAL_UART_TxCpltCallback)
    HAL_UART_TxHalfCpltCallback              0x08004141   Thumb Code     8  stm32f4xx_hal_uart.o(.text.HAL_UART_TxHalfCpltCallback)
    HardFault_Handler                        0x08004149   Thumb Code     4  stm32f4xx_it.o(.text.HardFault_Handler)
    LCD_Begin                                0x0800414d   Thumb Code  2158  mcufriend_kbv.o(.text.LCD_Begin)
    LCD_Color565                             0x080049bd   Thumb Code    48  mcufriend_kbv.o(.text.LCD_Color565)
    LCD_DrawChar                             0x080049ed   Thumb Code   452  mcufriend_kbv.o(.text.LCD_DrawChar)
    LCD_DrawLine                             0x08004bb1   Thumb Code   408  mcufriend_kbv.o(.text.LCD_DrawLine)
    LCD_DrawPixel                            0x08004d49   Thumb Code   150  mcufriend_kbv.o(.text.LCD_DrawPixel)
    LCD_FillRect                             0x08004de1   Thumb Code  1150  mcufriend_kbv.o(.text.LCD_FillRect)
    LCD_FillScreen                           0x08005261   Thumb Code    52  mcufriend_kbv.o(.text.LCD_FillScreen)
    LCD_InvertDisplay                        0x08005295   Thumb Code   352  mcufriend_kbv.o(.text.LCD_InvertDisplay)
    LCD_Printf                               0x080053f5   Thumb Code   332  mcufriend_kbv.o(.text.LCD_Printf)
    LCD_PushCommand                          0x08005541   Thumb Code    32  mcufriend_kbv.o(.text.LCD_PushCommand)
    LCD_ReadGRAM                             0x08005561   Thumb Code  2510  mcufriend_kbv.o(.text.LCD_ReadGRAM)
    LCD_ReadID                               0x08005f31   Thumb Code   818  mcufriend_kbv.o(.text.LCD_ReadID)
    LCD_ReadPixel                            0x08006265   Thumb Code    42  mcufriend_kbv.o(.text.LCD_ReadPixel)
    LCD_ReadReg                              0x08006291   Thumb Code   546  mcufriend_kbv.o(.text.LCD_ReadReg)
    LCD_ReadReg32                            0x080064b5   Thumb Code    52  mcufriend_kbv.o(.text.LCD_ReadReg32)
    LCD_ReadReg40                            0x080064e9   Thumb Code    74  mcufriend_kbv.o(.text.LCD_ReadReg40)
    LCD_Reset                                0x08006535   Thumb Code   244  mcufriend_kbv.o(.text.LCD_Reset)
    LCD_SetAddrWindow                        0x08006629   Thumb Code   674  mcufriend_kbv.o(.text.LCD_SetAddrWindow)
    LCD_SetCursor                            0x080068cd   Thumb Code    34  mcufriend_kbv.o(.text.LCD_SetCursor)
    LCD_SetRotation                          0x080068f1   Thumb Code  1878  mcufriend_kbv.o(.text.LCD_SetRotation)
    LCD_SetTextColor                         0x08007049   Thumb Code    42  mcufriend_kbv.o(.text.LCD_SetTextColor)
    LCD_SetTextSize                          0x08007075   Thumb Code    82  mcufriend_kbv.o(.text.LCD_SetTextSize)
    LCD_VertScroll                           0x080070c9   Thumb Code   742  mcufriend_kbv.o(.text.LCD_VertScroll)
    LCD_WriteCmdData                         0x080073b1   Thumb Code    28  mcufriend_kbv.o(.text.LCD_WriteCmdData)
    MX_DMA_Init                              0x080073cd   Thumb Code    80  dma.o(.text.MX_DMA_Init)
    MX_GPIO_Init                             0x0800741d   Thumb Code   396  gpio.o(.text.MX_GPIO_Init)
    MX_TIM1_Init                             0x080075a9   Thumb Code   286  tim.o(.text.MX_TIM1_Init)
    MX_TIM2_Init                             0x080076c9   Thumb Code   228  tim.o(.text.MX_TIM2_Init)
    MX_UART5_Init                            0x080077ad   Thumb Code    64  usart.o(.text.MX_UART5_Init)
    MX_USART2_UART_Init                      0x080077ed   Thumb Code    64  usart.o(.text.MX_USART2_UART_Init)
    MemManage_Handler                        0x0800782d   Thumb Code     4  stm32f4xx_it.o(.text.MemManage_Handler)
    NMI_Handler                              0x08007831   Thumb Code     4  stm32f4xx_it.o(.text.NMI_Handler)
    PendSV_Handler                           0x080078a1   Thumb Code     2  stm32f4xx_it.o(.text.PendSV_Handler)
    SVC_Handler                              0x080078a5   Thumb Code     2  stm32f4xx_it.o(.text.SVC_Handler)
    SysTick_Handler                          0x080078fd   Thumb Code    12  stm32f4xx_it.o(.text.SysTick_Handler)
    SystemClock_Config                       0x08007909   Thumb Code   184  main.o(.text.SystemClock_Config)
    SystemInit                               0x080079c1   Thumb Code    18  system_stm32f4xx.o(.text.SystemInit)
    TIM2_IRQHandler                          0x080079d5   Thumb Code    16  stm32f4xx_it.o(.text.TIM2_IRQHandler)
    TIM_Base_SetConfig                       0x080079e5   Thumb Code   410  stm32f4xx_hal_tim.o(.text.TIM_Base_SetConfig)
    TIM_CCxChannelCmd                        0x08007b81   Thumb Code    54  stm32f4xx_hal_tim.o(.text.TIM_CCxChannelCmd)
    TIM_ETR_SetConfig                        0x08007bb9   Thumb Code    52  stm32f4xx_hal_tim.o(.text.TIM_ETR_SetConfig)
    TIM_OC2_SetConfig                        0x08007d05   Thumb Code   244  stm32f4xx_hal_tim.o(.text.TIM_OC2_SetConfig)
    TIM_TI1_SetConfig                        0x08007fe1   Thumb Code   278  stm32f4xx_hal_tim.o(.text.TIM_TI1_SetConfig)
    UART5_IRQHandler                         0x08008291   Thumb Code    16  stm32f4xx_it.o(.text.UART5_IRQHandler)
    UART_Start_Receive_DMA                   0x08008885   Thumb Code   280  stm32f4xx_hal_uart.o(.text.UART_Start_Receive_DMA)
    UsageFault_Handler                       0x08008b05   Thumb Code     4  stm32f4xx_it.o(.text.UsageFault_Handler)
    delay                                    0x08008fcd   Thumb Code    58  mcufriend_kbv.o(.text.delay)
    drawAvatar                               0x08009009   Thumb Code  3166  avatar.o(.text.drawAvatar)
    fputc                                    0x08009c69   Thumb Code    34  main.o(.text.fputc)
    gagnant                                  0x08009c8d   Thumb Code   112  main.o(.text.gagnant)
    initGame                                 0x08009cfd   Thumb Code    86  avatar.o(.text.initGame)
    initMenu                                 0x08009d55   Thumb Code   132  main.o(.text.initMenu)
    lookColision                             0x08009ee9   Thumb Code   164  avatar.o(.text.lookColision)
    main                                     0x08009f8d   Thumb Code  1042  main.o(.text.main)
    moveObstacle                             0x0800a3a1   Thumb Code   480  avatar.o(.text.moveObstacle)
    __0printf                                0x0800a8f5   Thumb Code    22  printfa.o(i.__0printf)
    __1printf                                0x0800a8f5   Thumb Code     0  printfa.o(i.__0printf)
    __2printf                                0x0800a8f5   Thumb Code     0  printfa.o(i.__0printf)
    __c89printf                              0x0800a8f5   Thumb Code     0  printfa.o(i.__0printf)
    printf                                   0x0800a8f5   Thumb Code     0  printfa.o(i.__0printf)
    __0sprintf                               0x0800a915   Thumb Code    34  printfa.o(i.__0sprintf)
    __1sprintf                               0x0800a915   Thumb Code     0  printfa.o(i.__0sprintf)
    __2sprintf                               0x0800a915   Thumb Code     0  printfa.o(i.__0sprintf)
    __c89sprintf                             0x0800a915   Thumb Code     0  printfa.o(i.__0sprintf)
    sprintf                                  0x0800a915   Thumb Code     0  printfa.o(i.__0sprintf)
    __0vsprintf                              0x0800a93d   Thumb Code    30  printfa.o(i.__0vsprintf)
    __1vsprintf                              0x0800a93d   Thumb Code     0  printfa.o(i.__0vsprintf)
    __2vsprintf                              0x0800a93d   Thumb Code     0  printfa.o(i.__0vsprintf)
    __c89vsprintf                            0x0800a93d   Thumb Code     0  printfa.o(i.__0vsprintf)
    vsprintf                                 0x0800a93d   Thumb Code     0  printfa.o(i.__0vsprintf)
    __scatterload_copy                       0x0800a961   Thumb Code    14  handlers.o(i.__scatterload_copy)
    __scatterload_null                       0x0800a96f   Thumb Code     2  handlers.o(i.__scatterload_null)
    __scatterload_zeroinit                   0x0800a971   Thumb Code    14  handlers.o(i.__scatterload_zeroinit)
    AHBPrescTable                            0x0800b23c   Data          16  system_stm32f4xx.o(.rodata.AHBPrescTable)
    APBPrescTable                            0x0800b24c   Data           8  system_stm32f4xx.o(.rodata.APBPrescTable)
    Region$$Table$$Base                      0x0800bc48   Number         0  anon$$obj.o(Region$$Table)
    Region$$Table$$Limit                     0x0800bc68   Number         0  anon$$obj.o(Region$$Table)
    __stdout                                 0x20000004   Data           4  stdout.o(.data)
    HEIGHT                                   0x20000008   Data           2  mcufriend_kbv.o(.data.HEIGHT)
    SystemCoreClock                          0x2000000c   Data           4  system_stm32f4xx.o(.data.SystemCoreClock)
    Tx_buffer                                0x20000010   Data           4  main.o(.data.Tx_buffer)
    WIDTH                                    0x20000014   Data           2  mcufriend_kbv.o(.data.WIDTH)
    _height                                  0x20000016   Data           2  mcufriend_kbv.o(.data._height)
    _width                                   0x20000018   Data           2  mcufriend_kbv.o(.data._width)
    c                                        0x2000001c   Data           4  avatar.o(.data.c)
    speed                                    0x20000020   Data           4  main.o(.data.speed)
    textcolor                                0x20000024   Data           2  mcufriend_kbv.o(.data.textcolor)
    textsize_x                               0x20000026   Data           1  mcufriend_kbv.o(.data.textsize_x)
    textsize_y                               0x20000027   Data           1  mcufriend_kbv.o(.data.textsize_y)
    uwTickFreq                               0x20000028   Data           1  stm32f4xx_hal.o(.data.uwTickFreq)
    uwTickPrio                               0x2000002c   Data           4  stm32f4xx_hal.o(.data.uwTickPrio)
    ID                                       0x20000030   Data           1  main.o(.bss.ID)
    POSITION_VAL                             0x20000131   Data           1  main.o(.bss.POSITION_VAL)
    Rx_buffer                                0x20000132   Data           4  main.o(.bss.Rx_buffer)
    Score                                    0x20000138   Data           4  main.o(.bss.Score)
    _EC                                      0x2000013c   Data           2  mcufriend_kbv.o(.bss._EC)
    _EP                                      0x2000013e   Data           2  mcufriend_kbv.o(.bss._EP)
    _MC                                      0x20000140   Data           2  mcufriend_kbv.o(.bss._MC)
    _MP                                      0x20000142   Data           2  mcufriend_kbv.o(.bss._MP)
    _MW                                      0x20000144   Data           2  mcufriend_kbv.o(.bss._MW)
    _SC                                      0x20000146   Data           2  mcufriend_kbv.o(.bss._SC)
    _SP                                      0x20000148   Data           2  mcufriend_kbv.o(.bss._SP)
    _lcd_ID                                  0x2000014a   Data           2  mcufriend_kbv.o(.bss._lcd_ID)
    _lcd_capable                             0x2000014c   Data           2  mcufriend_kbv.o(.bss._lcd_capable)
    _lcd_madctl                              0x2000014e   Data           2  mcufriend_kbv.o(.bss._lcd_madctl)
    _lcd_rev                                 0x20000150   Data           2  mcufriend_kbv.o(.bss._lcd_rev)
    _lcd_xor                                 0x20000152   Data           2  mcufriend_kbv.o(.bss._lcd_xor)
    avatar                                   0x20000154   Data          28  main.o(.bss.avatar)
    b                                        0x20000170   Data           4  avatar.o(.bss.b)
    comparaisons                             0x20000174   Data           4  main.o(.bss.comparaisons)
    compte                                   0x20000178   Data           4  main.o(.bss.compte)
    cursor_x                                 0x2000017c   Data           2  mcufriend_kbv.o(.bss.cursor_x)
    cursor_y                                 0x2000017e   Data           2  mcufriend_kbv.o(.bss.cursor_y)
    flag                                     0x20000184   Data           4  main.o(.bss.flag)
    flag1                                    0x20000188   Data           4  main.o(.bss.flag1)
    flag2                                    0x2000018c   Data           4  main.o(.bss.flag2)
    full_timer                               0x20000190   Data           4  main.o(.bss.full_timer)
    gameover                                 0x20000194   Data           4  main.o(.bss.gameover)
    hauteur                                  0x20000198   Data           4  main.o(.bss.hauteur)
    hdma_uart5_rx                            0x2000019c   Data          96  usart.o(.bss.hdma_uart5_rx)
    hdma_uart5_tx                            0x200001fc   Data          96  usart.o(.bss.hdma_uart5_tx)
    htim1                                    0x2000025c   Data          72  tim.o(.bss.htim1)
    htim2                                    0x200002a4   Data          72  tim.o(.bss.htim2)
    huart2                                   0x200002ec   Data          68  usart.o(.bss.huart2)
    huart5                                   0x20000330   Data          68  usart.o(.bss.huart5)
    id_Tx                                    0x20000374   Data           1  main.o(.bss.id_Tx)
    local_time                               0x20000378   Data           4  main.o(.bss.local_time)
    mesure_2                                 0x2000037c   Data           4  main.o(.bss.mesure_2)
    n                                        0x20000380   Data           4  avatar.o(.bss.n)
    obstacle                                 0x20000384   Data          24  main.o(.bss.obstacle)
    posy                                     0x2000039c   Data           1  main.o(.bss.posy)
    rotation                                 0x2000039d   Data           1  mcufriend_kbv.o(.bss.rotation)
    rx_buff_Full                             0x2000039e   Data           1  main.o(.bss.rx_buff_Full)
    scroll                                   0x200003a0   Data           4  main.o(.bss.scroll)
    textbgcolor                              0x200003a4   Data           2  mcufriend_kbv.o(.bss.textbgcolor)
    timer                                    0x200003a8   Data           4  main.o(.bss.timer)
    tx_buff_empty                            0x200003ac   Data           1  main.o(.bss.tx_buff_empty)
    uwTick                                   0x200003b0   Data           4  stm32f4xx_hal.o(.bss.uwTick)
    value                                    0x200003b4   Data           4  main.o(.bss.value)
    wrap                                     0x200003b8   Data           1  mcufriend_kbv.o(.bss.wrap)
    y                                        0x200003bc   Data           4  main.o(.bss.y)
    __initial_sp                             0x200007c0   Data           0  startup_stm32f446xx.o(STACK)



==============================================================================

Memory Map of the image

  Image Entry point : 0x080001c5

  Load Region LR_IROM1 (Base: 0x08000000, Size: 0x0000bc98, Max: 0x00080000, ABSOLUTE)

    Execution Region ER_IROM1 (Exec base: 0x08000000, Load base: 0x08000000, Size: 0x0000bc68, Max: 0x00080000, ABSOLUTE)

    Exec Addr    Load Addr    Size         Type   Attr      Idx    E Section Name        Object

    0x08000000   0x08000000   0x000001c4   Data   RO            3    RESET               startup_stm32f446xx.o
    0x080001c4   0x080001c4   0x00000000   Code   RO         3064  * .ARM.Collect$$$$00000000  mc_w.l(entry.o)
    0x080001c4   0x080001c4   0x00000004   Code   RO         3173    .ARM.Collect$$$$00000001  mc_w.l(entry2.o)
    0x080001c8   0x080001c8   0x00000004   Code   RO         3176    .ARM.Collect$$$$00000004  mc_w.l(entry5.o)
    0x080001cc   0x080001cc   0x00000000   Code   RO         3178    .ARM.Collect$$$$00000008  mc_w.l(entry7b.o)
    0x080001cc   0x080001cc   0x00000000   Code   RO         3180    .ARM.Collect$$$$0000000A  mc_w.l(entry8b.o)
    0x080001cc   0x080001cc   0x00000008   Code   RO         3181    .ARM.Collect$$$$0000000B  mc_w.l(entry9a.o)
    0x080001d4   0x080001d4   0x00000000   Code   RO         3183    .ARM.Collect$$$$0000000D  mc_w.l(entry10a.o)
    0x080001d4   0x080001d4   0x00000000   Code   RO         3185    .ARM.Collect$$$$0000000F  mc_w.l(entry11a.o)
    0x080001d4   0x080001d4   0x00000004   Code   RO         3174    .ARM.Collect$$$$00002712  mc_w.l(entry2.o)
    0x080001d8   0x080001d8   0x00000024   Code   RO            4    .text               startup_stm32f446xx.o
    0x080001fc   0x080001fc   0x00000062   Code   RO         3067    .text               mc_w.l(uldiv.o)
    0x0800025e   0x0800025e   0x00000002   PAD
    0x08000260   0x08000260   0x00000024   Code   RO         3071    .text               mc_w.l(rand.o)
    0x08000284   0x08000284   0x00000008   Code   RO         3074    .text               mc_w.l(siabs.o)
    0x0800028c   0x0800028c   0x00000024   Code   RO         3080    .text               mc_w.l(memseta.o)
    0x080002b0   0x080002b0   0x0000014e   Code   RO         3112    .text               mf_w.l(dadd.o)
    0x080003fe   0x080003fe   0x000000e4   Code   RO         3114    .text               mf_w.l(dmul.o)
    0x080004e2   0x080004e2   0x000000de   Code   RO         3116    .text               mf_w.l(ddiv.o)
    0x080005c0   0x080005c0   0x0000001a   Code   RO         3126    .text               mf_w.l(dfltui.o)
    0x080005da   0x080005da   0x00000032   Code   RO         3132    .text               mf_w.l(dfixui.o)
    0x0800060c   0x0800060c   0x0000002c   Code   RO         3197    .text               mc_w.l(uidiv.o)
    0x08000638   0x08000638   0x0000001e   Code   RO         3199    .text               mc_w.l(llshl.o)
    0x08000656   0x08000656   0x00000020   Code   RO         3201    .text               mc_w.l(llushr.o)
    0x08000676   0x08000676   0x00000024   Code   RO         3203    .text               mc_w.l(llsshr.o)
    0x0800069a   0x0800069a   0x00000000   Code   RO         3212    .text               mc_w.l(iusefp.o)
    0x0800069a   0x0800069a   0x000000ba   Code   RO         3215    .text               mf_w.l(depilogue.o)
    0x08000754   0x08000754   0x00000030   Code   RO         3223    .text               mf_w.l(dfixul.o)
    0x08000784   0x08000784   0x00000030   Code   RO         3227    .text               mf_w.l(cdrcmple.o)
    0x080007b4   0x080007b4   0x00000024   Code   RO         3231    .text               mc_w.l(init.o)
    0x080007d8   0x080007d8   0x00000004   Code   RO          314    .text.BusFault_Handler  stm32f4xx_it.o
    0x080007dc   0x080007dc   0x00000010   Code   RO          326    .text.DMA1_Stream0_IRQHandler  stm32f4xx_it.o
    0x080007ec   0x080007ec   0x00000010   Code   RO          332    .text.DMA1_Stream7_IRQHandler  stm32f4xx_it.o
    0x080007fc   0x080007fc   0x00000056   Code   RO          903    .text.DMA_CalcBaseAndBitshift  stm32f4xx_hal_dma.o
    0x08000852   0x08000852   0x00000002   PAD
    0x08000854   0x08000854   0x000000f0   Code   RO          901    .text.DMA_CheckFifoParam  stm32f4xx_hal_dma.o
    0x08000944   0x08000944   0x00000050   Code   RO          909    .text.DMA_SetConfig  stm32f4xx_hal_dma.o
    0x08000994   0x08000994   0x00000002   Code   RO          320    .text.DebugMon_Handler  stm32f4xx_it.o
    0x08000996   0x08000996   0x00000002   PAD
    0x08000998   0x08000998   0x00000014   Code   RO          330    .text.EXTI15_10_IRQHandler  stm32f4xx_it.o
    0x080009ac   0x080009ac   0x0000000e   Code   RO          194    .text.Error_Handler  main.o
    0x080009ba   0x080009ba   0x00000002   PAD
    0x080009bc   0x080009bc   0x000000ec   Code   RO          913    .text.HAL_DMA_Abort  stm32f4xx_hal_dma.o
    0x08000aa8   0x08000aa8   0x00000044   Code   RO          915    .text.HAL_DMA_Abort_IT  stm32f4xx_hal_dma.o
    0x08000aec   0x08000aec   0x0000031e   Code   RO          919    .text.HAL_DMA_IRQHandler  stm32f4xx_hal_dma.o
    0x08000e0a   0x08000e0a   0x00000002   PAD
    0x08000e0c   0x08000e0c   0x0000016e   Code   RO          899    .text.HAL_DMA_Init  stm32f4xx_hal_dma.o
    0x08000f7a   0x08000f7a   0x00000002   PAD
    0x08000f7c   0x08000f7c   0x000000c2   Code   RO          911    .text.HAL_DMA_Start_IT  stm32f4xx_hal_dma.o
    0x0800103e   0x0800103e   0x00000002   PAD
    0x08001040   0x08001040   0x00000042   Code   RO         1094    .text.HAL_Delay     stm32f4xx_hal.o
    0x08001082   0x08001082   0x00000002   PAD
    0x08001084   0x08001084   0x0000005e   Code   RO          200    .text.HAL_GPIO_EXTI_Callback  main.o
    0x080010e2   0x080010e2   0x00000002   PAD
    0x080010e4   0x080010e4   0x00000038   Code   RO          873    .text.HAL_GPIO_EXTI_IRQHandler  stm32f4xx_hal_gpio.o
    0x0800111c   0x0800111c   0x0000039a   Code   RO          861    .text.HAL_GPIO_Init  stm32f4xx_hal_gpio.o
    0x080014b6   0x080014b6   0x00000002   PAD
    0x080014b8   0x080014b8   0x0000002e   Code   RO          865    .text.HAL_GPIO_ReadPin  stm32f4xx_hal_gpio.o
    0x080014e6   0x080014e6   0x00000002   PAD
    0x080014e8   0x080014e8   0x0000002e   Code   RO          867    .text.HAL_GPIO_WritePin  stm32f4xx_hal_gpio.o
    0x08001516   0x08001516   0x00000002   PAD
    0x08001518   0x08001518   0x0000000c   Code   RO         1086    .text.HAL_GetTick   stm32f4xx_hal.o
    0x08001524   0x08001524   0x0000001a   Code   RO         1084    .text.HAL_IncTick   stm32f4xx_hal.o
    0x0800153e   0x0800153e   0x00000002   PAD
    0x08001540   0x08001540   0x0000003c   Code   RO         1074    .text.HAL_Init      stm32f4xx_hal.o
    0x0800157c   0x0800157c   0x00000070   Code   RO         1076    .text.HAL_InitTick  stm32f4xx_hal.o
    0x080015ec   0x080015ec   0x00000052   Code   RO          343    .text.HAL_MspInit   stm32f4xx_hal_msp.o
    0x0800163e   0x0800163e   0x00000002   PAD
    0x08001640   0x08001640   0x00000014   Code   RO         1015    .text.HAL_NVIC_EnableIRQ  stm32f4xx_hal_cortex.o
    0x08001654   0x08001654   0x00000032   Code   RO         1007    .text.HAL_NVIC_SetPriority  stm32f4xx_hal_cortex.o
    0x08001686   0x08001686   0x00000002   PAD
    0x08001688   0x08001688   0x00000010   Code   RO         1003    .text.HAL_NVIC_SetPriorityGrouping  stm32f4xx_hal_cortex.o
    0x08001698   0x08001698   0x00000262   Code   RO          691    .text.HAL_RCC_ClockConfig  stm32f4xx_hal_rcc.o
    0x080018fa   0x080018fa   0x00000002   PAD
    0x080018fc   0x080018fc   0x0000000c   Code   RO          701    .text.HAL_RCC_GetHCLKFreq  stm32f4xx_hal_rcc.o
    0x08001908   0x08001908   0x00000022   Code   RO          703    .text.HAL_RCC_GetPCLK1Freq  stm32f4xx_hal_rcc.o
    0x0800192a   0x0800192a   0x00000002   PAD
    0x0800192c   0x0800192c   0x00000022   Code   RO          705    .text.HAL_RCC_GetPCLK2Freq  stm32f4xx_hal_rcc.o
    0x0800194e   0x0800194e   0x00000002   PAD
    0x08001950   0x08001950   0x00000170   Code   RO          738    .text.HAL_RCC_GetSysClockFreq  stm32f4xx_hal_rcc_ex.o
    0x08001ac0   0x08001ac0   0x00000726   Code   RO          742    .text.HAL_RCC_OscConfig  stm32f4xx_hal_rcc_ex.o
    0x080021e6   0x080021e6   0x00000002   PAD
    0x080021e8   0x080021e8   0x00000122   Code   RO          188    .text.HAL_SYSTICK_Callback  main.o
    0x0800230a   0x0800230a   0x00000002   PAD
    0x0800230c   0x0800230c   0x00000010   Code   RO         1027    .text.HAL_SYSTICK_Config  stm32f4xx_hal_cortex.o
    0x0800231c   0x0800231c   0x00000008   Code   RO          674    .text.HAL_TIMEx_BreakCallback  stm32f4xx_hal_tim_ex.o
    0x08002324   0x08002324   0x00000008   Code   RO          670    .text.HAL_TIMEx_CommutCallback  stm32f4xx_hal_tim_ex.o
    0x0800232c   0x0800232c   0x000000b2   Code   RO          666    .text.HAL_TIMEx_ConfigBreakDeadTime  stm32f4xx_hal_tim_ex.o
    0x080023de   0x080023de   0x00000002   PAD
    0x080023e0   0x080023e0   0x00000122   Code   RO          664    .text.HAL_TIMEx_MasterConfigSynchronization  stm32f4xx_hal_tim_ex.o
    0x08002502   0x08002502   0x00000002   PAD
    0x08002504   0x08002504   0x0000009c   Code   RO          351    .text.HAL_TIM_Base_Init  stm32f4xx_hal_tim.o
    0x080025a0   0x080025a0   0x0000003c   Code   RO          267    .text.HAL_TIM_Base_MspInit  tim.o
    0x080025dc   0x080025dc   0x00000184   Code   RO          543    .text.HAL_TIM_ConfigClockSource  stm32f4xx_hal_tim.o
    0x08002760   0x08002760   0x00000128   Code   RO          204    .text.HAL_TIM_IC_CaptureCallback  main.o
    0x08002888   0x08002888   0x00000130   Code   RO          507    .text.HAL_TIM_IC_ConfigChannel  stm32f4xx_hal_tim.o
    0x080029b8   0x080029b8   0x0000009c   Code   RO          425    .text.HAL_TIM_IC_Init  stm32f4xx_hal_tim.o
    0x08002a54   0x08002a54   0x0000008e   Code   RO          271    .text.HAL_TIM_IC_MspInit  tim.o
    0x08002ae2   0x08002ae2   0x00000002   PAD
    0x08002ae4   0x08002ae4   0x000002a6   Code   RO          437    .text.HAL_TIM_IC_Start_IT  stm32f4xx_hal_tim.o
    0x08002d8a   0x08002d8a   0x00000002   PAD
    0x08002d8c   0x08002d8c   0x0000027a   Code   RO          485    .text.HAL_TIM_IRQHandler  stm32f4xx_hal_tim.o
    0x08003006   0x08003006   0x00000002   PAD
    0x08003008   0x08003008   0x000000bc   Code   RO          261    .text.HAL_TIM_MspPostInit  tim.o
    0x080030c4   0x080030c4   0x00000008   Code   RO          489    .text.HAL_TIM_OC_DelayElapsedCallback  stm32f4xx_hal_tim.o
    0x080030cc   0x080030cc   0x00000142   Code   RO          517    .text.HAL_TIM_PWM_ConfigChannel  stm32f4xx_hal_tim.o
    0x0800320e   0x0800320e   0x00000002   PAD
    0x08003210   0x08003210   0x0000009c   Code   RO          405    .text.HAL_TIM_PWM_Init  stm32f4xx_hal_tim.o
    0x080032ac   0x080032ac   0x0000009c   Code   RO          269    .text.HAL_TIM_PWM_MspInit  tim.o
    0x08003348   0x08003348   0x00000008   Code   RO          491    .text.HAL_TIM_PWM_PulseFinishedCallback  stm32f4xx_hal_tim.o
    0x08003350   0x08003350   0x000001ca   Code   RO          413    .text.HAL_TIM_PWM_Start  stm32f4xx_hal_tim.o
    0x0800351a   0x0800351a   0x00000002   PAD
    0x0800351c   0x0800351c   0x00000106   Code   RO          415    .text.HAL_TIM_PWM_Stop  stm32f4xx_hal_tim.o
    0x08003622   0x08003622   0x00000002   PAD
    0x08003624   0x08003624   0x00000008   Code   RO          493    .text.HAL_TIM_PeriodElapsedCallback  stm32f4xx_hal_tim.o
    0x0800362c   0x0800362c   0x00000056   Code   RO          559    .text.HAL_TIM_ReadCapturedValue  stm32f4xx_hal_tim.o
    0x08003682   0x08003682   0x00000002   PAD
    0x08003684   0x08003684   0x00000008   Code   RO          495    .text.HAL_TIM_TriggerCallback  stm32f4xx_hal_tim.o
    0x0800368c   0x0800368c   0x0000000c   Code   RO         1253    .text.HAL_UARTEx_RxEventCallback  stm32f4xx_hal_uart.o
    0x08003698   0x08003698   0x00000008   Code   RO         1251    .text.HAL_UART_ErrorCallback  stm32f4xx_hal_uart.o
    0x080036a0   0x080036a0   0x0000041e   Code   RO         1245    .text.HAL_UART_IRQHandler  stm32f4xx_hal_uart.o
    0x08003abe   0x08003abe   0x00000002   PAD
    0x08003ac0   0x08003ac0   0x0000009a   Code   RO         1163    .text.HAL_UART_Init  stm32f4xx_hal_uart.o
    0x08003b5a   0x08003b5a   0x00000002   PAD
    0x08003b5c   0x08003b5c   0x0000022c   Code   RO          293    .text.HAL_UART_MspInit  usart.o
    0x08003d88   0x08003d88   0x00000078   Code   RO         1199    .text.HAL_UART_Receive_DMA  stm32f4xx_hal_uart.o
    0x08003e00   0x08003e00   0x000000b8   Code   RO          198    .text.HAL_UART_RxCpltCallback  main.o
    0x08003eb8   0x08003eb8   0x00000008   Code   RO         1265    .text.HAL_UART_RxHalfCpltCallback  stm32f4xx_hal_uart.o
    0x08003ec0   0x08003ec0   0x0000014e   Code   RO         1179    .text.HAL_UART_Transmit  stm32f4xx_hal_uart.o
    0x0800400e   0x0800400e   0x00000002   PAD
    0x08004010   0x08004010   0x00000110   Code   RO         1191    .text.HAL_UART_Transmit_DMA  stm32f4xx_hal_uart.o
    0x08004120   0x08004120   0x00000020   Code   RO          202    .text.HAL_UART_TxCpltCallback  main.o
    0x08004140   0x08004140   0x00000008   Code   RO         1261    .text.HAL_UART_TxHalfCpltCallback  stm32f4xx_hal_uart.o
    0x08004148   0x08004148   0x00000004   Code   RO          310    .text.HardFault_Handler  stm32f4xx_it.o
    0x0800414c   0x0800414c   0x0000086e   Code   RO           93    .text.LCD_Begin     mcufriend_kbv.o
    0x080049ba   0x080049ba   0x00000002   PAD
    0x080049bc   0x080049bc   0x00000030   Code   RO           21    .text.LCD_Color565  mcufriend_kbv.o
    0x080049ec   0x080049ec   0x000001c4   Code   RO           33    .text.LCD_DrawChar  mcufriend_kbv.o
    0x08004bb0   0x08004bb0   0x00000198   Code   RO           47    .text.LCD_DrawLine  mcufriend_kbv.o
    0x08004d48   0x08004d48   0x00000096   Code   RO           35    .text.LCD_DrawPixel  mcufriend_kbv.o
    0x08004dde   0x08004dde   0x00000002   PAD
    0x08004de0   0x08004de0   0x0000047e   Code   RO           15    .text.LCD_FillRect  mcufriend_kbv.o
    0x0800525e   0x0800525e   0x00000002   PAD
    0x08005260   0x08005260   0x00000034   Code   RO           19    .text.LCD_FillScreen  mcufriend_kbv.o
    0x08005294   0x08005294   0x00000160   Code   RO           91    .text.LCD_InvertDisplay  mcufriend_kbv.o
    0x080053f4   0x080053f4   0x0000014c   Code   RO           37    .text.LCD_Printf    mcufriend_kbv.o
    0x08005540   0x08005540   0x00000020   Code   RO           57    .text.LCD_PushCommand  mcufriend_kbv.o
    0x08005560   0x08005560   0x000009ce   Code   RO           25    .text.LCD_ReadGRAM  mcufriend_kbv.o
    0x08005f2e   0x08005f2e   0x00000002   PAD
    0x08005f30   0x08005f30   0x00000332   Code   RO           69    .text.LCD_ReadID    mcufriend_kbv.o
    0x08006262   0x08006262   0x00000002   PAD
    0x08006264   0x08006264   0x0000002a   Code   RO           23    .text.LCD_ReadPixel  mcufriend_kbv.o
    0x0800628e   0x0800628e   0x00000002   PAD
    0x08006290   0x08006290   0x00000222   Code   RO           61    .text.LCD_ReadReg   mcufriend_kbv.o
    0x080064b2   0x080064b2   0x00000002   PAD
    0x080064b4   0x080064b4   0x00000034   Code   RO           65    .text.LCD_ReadReg32  mcufriend_kbv.o
    0x080064e8   0x080064e8   0x0000004a   Code   RO           67    .text.LCD_ReadReg40  mcufriend_kbv.o
    0x08006532   0x08006532   0x00000002   PAD
    0x08006534   0x08006534   0x000000f4   Code   RO           51    .text.LCD_Reset     mcufriend_kbv.o
    0x08006628   0x08006628   0x000002a2   Code   RO           71    .text.LCD_SetAddrWindow  mcufriend_kbv.o
    0x080068ca   0x080068ca   0x00000002   PAD
    0x080068cc   0x080068cc   0x00000022   Code   RO           27    .text.LCD_SetCursor  mcufriend_kbv.o
    0x080068ee   0x080068ee   0x00000002   PAD
    0x080068f0   0x080068f0   0x00000756   Code   RO           75    .text.LCD_SetRotation  mcufriend_kbv.o
    0x08007046   0x08007046   0x00000002   PAD
    0x08007048   0x08007048   0x0000002a   Code   RO           31    .text.LCD_SetTextColor  mcufriend_kbv.o
    0x08007072   0x08007072   0x00000002   PAD
    0x08007074   0x08007074   0x00000052   Code   RO           29    .text.LCD_SetTextSize  mcufriend_kbv.o
    0x080070c6   0x080070c6   0x00000002   PAD
    0x080070c8   0x080070c8   0x000002e6   Code   RO           77    .text.LCD_VertScroll  mcufriend_kbv.o
    0x080073ae   0x080073ae   0x00000002   PAD
    0x080073b0   0x080073b0   0x0000001c   Code   RO           53    .text.LCD_WriteCmdData  mcufriend_kbv.o
    0x080073cc   0x080073cc   0x00000050   Code   RO          251    .text.MX_DMA_Init   dma.o
    0x0800741c   0x0800741c   0x0000018c   Code   RO          243    .text.MX_GPIO_Init  gpio.o
    0x080075a8   0x080075a8   0x0000011e   Code   RO          259    .text.MX_TIM1_Init  tim.o
    0x080076c6   0x080076c6   0x00000002   PAD
    0x080076c8   0x080076c8   0x000000e4   Code   RO          263    .text.MX_TIM2_Init  tim.o
    0x080077ac   0x080077ac   0x00000040   Code   RO          289    .text.MX_UART5_Init  usart.o
    0x080077ec   0x080077ec   0x00000040   Code   RO          291    .text.MX_USART2_UART_Init  usart.o
    0x0800782c   0x0800782c   0x00000004   Code   RO          312    .text.MemManage_Handler  stm32f4xx_it.o
    0x08007830   0x08007830   0x00000004   Code   RO          308    .text.NMI_Handler   stm32f4xx_it.o
    0x08007834   0x08007834   0x0000006c   Code   RO         1013    .text.NVIC_EncodePriority  stm32f4xx_hal_cortex.o
    0x080078a0   0x080078a0   0x00000002   Code   RO          322    .text.PendSV_Handler  stm32f4xx_it.o
    0x080078a2   0x080078a2   0x00000002   PAD
    0x080078a4   0x080078a4   0x00000002   Code   RO          318    .text.SVC_Handler   stm32f4xx_it.o
    0x080078a6   0x080078a6   0x00000002   PAD
    0x080078a8   0x080078a8   0x00000052   Code   RO         1029    .text.SysTick_Config  stm32f4xx_hal_cortex.o
    0x080078fa   0x080078fa   0x00000002   PAD
    0x080078fc   0x080078fc   0x0000000c   Code   RO          324    .text.SysTick_Handler  stm32f4xx_it.o
    0x08007908   0x08007908   0x000000b8   Code   RO          192    .text.SystemClock_Config  main.o
    0x080079c0   0x080079c0   0x00000012   Code   RO         1292    .text.SystemInit    system_stm32f4xx.o
    0x080079d2   0x080079d2   0x00000002   PAD
    0x080079d4   0x080079d4   0x00000010   Code   RO          328    .text.TIM2_IRQHandler  stm32f4xx_it.o
    0x080079e4   0x080079e4   0x0000019a   Code   RO          355    .text.TIM_Base_SetConfig  stm32f4xx_hal_tim.o
    0x08007b7e   0x08007b7e   0x00000002   PAD
    0x08007b80   0x08007b80   0x00000036   Code   RO          389    .text.TIM_CCxChannelCmd  stm32f4xx_hal_tim.o
    0x08007bb6   0x08007bb6   0x00000002   PAD
    0x08007bb8   0x08007bb8   0x00000034   Code   RO          541    .text.TIM_ETR_SetConfig  stm32f4xx_hal_tim.o
    0x08007bec   0x08007bec   0x0000002a   Code   RO          547    .text.TIM_ITRx_SetConfig  stm32f4xx_hal_tim.o
    0x08007c16   0x08007c16   0x00000002   PAD
    0x08007c18   0x08007c18   0x000000ea   Code   RO          499    .text.TIM_OC1_SetConfig  stm32f4xx_hal_tim.o
    0x08007d02   0x08007d02   0x00000002   PAD
    0x08007d04   0x08007d04   0x000000f4   Code   RO          501    .text.TIM_OC2_SetConfig  stm32f4xx_hal_tim.o
    0x08007df8   0x08007df8   0x000000f2   Code   RO          503    .text.TIM_OC3_SetConfig  stm32f4xx_hal_tim.o
    0x08007eea   0x08007eea   0x00000002   PAD
    0x08007eec   0x08007eec   0x000000a4   Code   RO          505    .text.TIM_OC4_SetConfig  stm32f4xx_hal_tim.o
    0x08007f90   0x08007f90   0x00000050   Code   RO          545    .text.TIM_TI1_ConfigInputStage  stm32f4xx_hal_tim.o
    0x08007fe0   0x08007fe0   0x00000116   Code   RO          509    .text.TIM_TI1_SetConfig  stm32f4xx_hal_tim.o
    0x080080f6   0x080080f6   0x00000002   PAD
    0x080080f8   0x080080f8   0x00000052   Code   RO          549    .text.TIM_TI2_ConfigInputStage  stm32f4xx_hal_tim.o
    0x0800814a   0x0800814a   0x00000002   PAD
    0x0800814c   0x0800814c   0x0000006c   Code   RO          511    .text.TIM_TI2_SetConfig  stm32f4xx_hal_tim.o
    0x080081b8   0x080081b8   0x0000006a   Code   RO          513    .text.TIM_TI3_SetConfig  stm32f4xx_hal_tim.o
    0x08008222   0x08008222   0x00000002   PAD
    0x08008224   0x08008224   0x0000006c   Code   RO          515    .text.TIM_TI4_SetConfig  stm32f4xx_hal_tim.o
    0x08008290   0x08008290   0x00000010   Code   RO          334    .text.UART5_IRQHandler  stm32f4xx_it.o
    0x080082a0   0x080082a0   0x00000020   Code   RO         1249    .text.UART_DMAAbortOnError  stm32f4xx_hal_uart.o
    0x080082c0   0x080082c0   0x0000007c   Code   RO         1197    .text.UART_DMAError  stm32f4xx_hal_uart.o
    0x0800833c   0x0800833c   0x000000ee   Code   RO         1281    .text.UART_DMAReceiveCplt  stm32f4xx_hal_uart.o
    0x0800842a   0x0800842a   0x00000002   PAD
    0x0800842c   0x0800842c   0x0000002e   Code   RO         1283    .text.UART_DMARxHalfCplt  stm32f4xx_hal_uart.o
    0x0800845a   0x0800845a   0x00000002   PAD
    0x0800845c   0x0800845c   0x0000007a   Code   RO         1193    .text.UART_DMATransmitCplt  stm32f4xx_hal_uart.o
    0x080084d6   0x080084d6   0x00000002   PAD
    0x080084d8   0x080084d8   0x00000016   Code   RO         1195    .text.UART_DMATxHalfCplt  stm32f4xx_hal_uart.o
    0x080084ee   0x080084ee   0x00000002   PAD
    0x080084f0   0x080084f0   0x00000094   Code   RO         1211    .text.UART_EndRxTransfer  stm32f4xx_hal_uart.o
    0x08008584   0x08008584   0x00000026   Code   RO         1257    .text.UART_EndTransmit_IT  stm32f4xx_hal_uart.o
    0x080085aa   0x080085aa   0x00000002   PAD
    0x080085ac   0x080085ac   0x00000036   Code   RO         1209    .text.UART_EndTxTransfer  stm32f4xx_hal_uart.o
    0x080085e2   0x080085e2   0x00000002   PAD
    0x080085e4   0x080085e4   0x00000164   Code   RO         1247    .text.UART_Receive_IT  stm32f4xx_hal_uart.o
    0x08008748   0x08008748   0x0000013a   Code   RO         1167    .text.UART_SetConfig  stm32f4xx_hal_uart.o
    0x08008882   0x08008882   0x00000002   PAD
    0x08008884   0x08008884   0x00000118   Code   RO         1201    .text.UART_Start_Receive_DMA  stm32f4xx_hal_uart.o
    0x0800899c   0x0800899c   0x00000094   Code   RO         1255    .text.UART_Transmit_IT  stm32f4xx_hal_uart.o
    0x08008a30   0x08008a30   0x000000d2   Code   RO         1181    .text.UART_WaitOnFlagUntilTimeout  stm32f4xx_hal_uart.o
    0x08008b02   0x08008b02   0x00000002   PAD
    0x08008b04   0x08008b04   0x00000004   Code   RO          316    .text.UsageFault_Handler  stm32f4xx_it.o
    0x08008b08   0x08008b08   0x0000004e   Code   RO           81    .text.WriteCmdParam4  mcufriend_kbv.o
    0x08008b56   0x08008b56   0x00000002   PAD
    0x08008b58   0x08008b58   0x00000370   Code   RO           59    .text.WriteCmdParamN  mcufriend_kbv.o
    0x08008ec8   0x08008ec8   0x00000030   Code   RO         1017    .text.__NVIC_EnableIRQ  stm32f4xx_hal_cortex.o
    0x08008ef8   0x08008ef8   0x00000010   Code   RO         1009    .text.__NVIC_GetPriorityGrouping  stm32f4xx_hal_cortex.o
    0x08008f08   0x08008f08   0x00000042   Code   RO         1011    .text.__NVIC_SetPriority  stm32f4xx_hal_cortex.o
    0x08008f4a   0x08008f4a   0x00000002   PAD
    0x08008f4c   0x08008f4c   0x0000003c   Code   RO         1005    .text.__NVIC_SetPriorityGrouping  stm32f4xx_hal_cortex.o
    0x08008f88   0x08008f88   0x00000022   Code   RO           73    .text.color555_to_565  mcufriend_kbv.o
    0x08008faa   0x08008faa   0x00000002   PAD
    0x08008fac   0x08008fac   0x00000020   Code   RO           79    .text.color565_to_555  mcufriend_kbv.o
    0x08008fcc   0x08008fcc   0x0000003a   Code   RO           11    .text.delay         mcufriend_kbv.o
    0x08009006   0x08009006   0x00000002   PAD
    0x08009008   0x08009008   0x00000c5e   Code   RO          165    .text.drawAvatar    avatar.o
    0x08009c66   0x08009c66   0x00000002   PAD
    0x08009c68   0x08009c68   0x00000022   Code   RO          196    .text.fputc         main.o
    0x08009c8a   0x08009c8a   0x00000002   PAD
    0x08009c8c   0x08009c8c   0x00000070   Code   RO          184    .text.gagnant       main.o
    0x08009cfc   0x08009cfc   0x00000056   Code   RO          163    .text.initGame      avatar.o
    0x08009d52   0x08009d52   0x00000002   PAD
    0x08009d54   0x08009d54   0x00000084   Code   RO          186    .text.initMenu      main.o
    0x08009dd8   0x08009dd8   0x000000a6   Code   RO           97    .text.init_table    mcufriend_kbv.o
    0x08009e7e   0x08009e7e   0x00000002   PAD
    0x08009e80   0x08009e80   0x00000068   Code   RO           95    .text.init_table16  mcufriend_kbv.o
    0x08009ee8   0x08009ee8   0x000000a4   Code   RO          171    .text.lookColision  avatar.o
    0x08009f8c   0x08009f8c   0x00000412   Code   RO          190    .text.main          main.o
    0x0800a39e   0x0800a39e   0x00000002   PAD
    0x0800a3a0   0x0800a3a0   0x000001e0   Code   RO          169    .text.moveObstacle  avatar.o
    0x0800a580   0x0800a580   0x00000134   Code   RO           63    .text.read16bits    mcufriend_kbv.o
    0x0800a6b4   0x0800a6b4   0x00000240   Code   RO           55    .text.writecmddata  mcufriend_kbv.o
    0x0800a8f4   0x0800a8f4   0x00000020   Code   RO         3085    i.__0printf         mc_w.l(printfa.o)
    0x0800a914   0x0800a914   0x00000028   Code   RO         3087    i.__0sprintf        mc_w.l(printfa.o)
    0x0800a93c   0x0800a93c   0x00000024   Code   RO         3091    i.__0vsprintf       mc_w.l(printfa.o)
    0x0800a960   0x0800a960   0x0000000e   Code   RO         3235    i.__scatterload_copy  mc_w.l(handlers.o)
    0x0800a96e   0x0800a96e   0x00000002   Code   RO         3236    i.__scatterload_null  mc_w.l(handlers.o)
    0x0800a970   0x0800a970   0x0000000e   Code   RO         3237    i.__scatterload_zeroinit  mc_w.l(handlers.o)
    0x0800a97e   0x0800a97e   0x00000002   PAD
    0x0800a980   0x0800a980   0x00000184   Code   RO         3092    i._fp_digits        mc_w.l(printfa.o)
    0x0800ab04   0x0800ab04   0x000006dc   Code   RO         3093    i._printf_core      mc_w.l(printfa.o)
    0x0800b1e0   0x0800b1e0   0x00000024   Code   RO         3094    i._printf_post_padding  mc_w.l(printfa.o)
    0x0800b204   0x0800b204   0x0000002e   Code   RO         3095    i._printf_pre_padding  mc_w.l(printfa.o)
    0x0800b232   0x0800b232   0x0000000a   Code   RO         3097    i._sputc            mc_w.l(printfa.o)
    0x0800b23c   0x0800b23c   0x00000010   Data   RO         1297    .rodata.AHBPrescTable  system_stm32f4xx.o
    0x0800b24c   0x0800b24c   0x00000008   Data   RO         1298    .rodata.APBPrescTable  system_stm32f4xx.o
    0x0800b254   0x0800b254   0x00000008   Data   RO          929    .rodata.DMA_CalcBaseAndBitshift.flagBitshiftOffset  stm32f4xx_hal_dma.o
    0x0800b25c   0x0800b25c   0x00000012   Data   RO          139    .rodata.LCD_Begin.FK8031_regValues  mcufriend_kbv.o
    0x0800b26e   0x0800b26e   0x00000070   Data   RO          140    .rodata.LCD_Begin.HX8347G_2_regValues  mcufriend_kbv.o
    0x0800b2de   0x0800b2de   0x00000002   Data   RO          141    .rodata.LCD_Begin.HX8357C_regValues  mcufriend_kbv.o
    0x0800b2e0   0x0800b2e0   0x0000001d   Data   RO          142    .rodata.LCD_Begin.HX8357_99_regValues  mcufriend_kbv.o
    0x0800b2fd   0x0800b2fd   0x00000001   PAD
    0x0800b2fe   0x0800b2fe   0x000000d8   Data   RO          143    .rodata.LCD_Begin.ILI9320_regValues  mcufriend_kbv.o
    0x0800b3d6   0x0800b3d6   0x000000cc   Data   RO          144    .rodata.LCD_Begin.ILI9325_regValues  mcufriend_kbv.o
    0x0800b4a2   0x0800b4a2   0x0000001e   Data   RO          145    .rodata.LCD_Begin.ILI9327_regValues  mcufriend_kbv.o
    0x0800b4c0   0x0800b4c0   0x00000003   Data   RO          146    .rodata.LCD_Begin.ILI9329_regValues  mcufriend_kbv.o
    0x0800b4c3   0x0800b4c3   0x00000065   Data   RO          147    .rodata.LCD_Begin.ILI9341_regValues_2_4  mcufriend_kbv.o
    0x0800b528   0x0800b528   0x00000045   Data   RO          148    .rodata.LCD_Begin.ILI9481_regValues  mcufriend_kbv.o
    0x0800b56d   0x0800b56d   0x0000003b   Data   RO          149    .rodata.LCD_Begin.ILI9486_regValues  mcufriend_kbv.o
    0x0800b5a8   0x0800b5a8   0x0000002b   Data   RO          150    .rodata.LCD_Begin.ILI9488_regValues_max  mcufriend_kbv.o
    0x0800b5d3   0x0800b5d3   0x00000001   PAD
    0x0800b5d4   0x0800b5d4   0x0000009c   Data   RO          134    .rodata.LCD_Begin.LGDP4535_regValues  mcufriend_kbv.o
    0x0800b670   0x0800b670   0x00000002   Data   RO          135    .rodata.LCD_Begin.NT35310_regValues  mcufriend_kbv.o
    0x0800b672   0x0800b672   0x000000b0   Data   RO          151    .rodata.LCD_Begin.R61505V_regValues  mcufriend_kbv.o
    0x0800b722   0x0800b722   0x000000c0   Data   RO          152    .rodata.LCD_Begin.R61509V_regValues  mcufriend_kbv.o
    0x0800b7e2   0x0800b7e2   0x00000003   Data   RO          131    .rodata.LCD_Begin.R61511_regValues  mcufriend_kbv.o
    0x0800b7e5   0x0800b7e5   0x00000006   Data   RO          132    .rodata.LCD_Begin.R61520_regValues  mcufriend_kbv.o
    0x0800b7eb   0x0800b7eb   0x0000000c   Data   RO          133    .rodata.LCD_Begin.R61526_regValues  mcufriend_kbv.o
    0x0800b7f7   0x0800b7f7   0x00000003   Data   RO          136    .rodata.LCD_Begin.RM68140_regValues_max  mcufriend_kbv.o
    0x0800b7fa   0x0800b7fa   0x0000009c   Data   RO          130    .rodata.LCD_Begin.S6D0154_regValues  mcufriend_kbv.o
    0x0800b896   0x0800b896   0x00000090   Data   RO          137    .rodata.LCD_Begin.ST7781_regValues  mcufriend_kbv.o
    0x0800b926   0x0800b926   0x00000041   Data   RO          138    .rodata.LCD_Begin.ST7789_regValues  mcufriend_kbv.o
    0x0800b967   0x0800b967   0x00000009   Data   RO          153    .rodata.LCD_Begin.reset_off  mcufriend_kbv.o
    0x0800b970   0x0800b970   0x00000006   Data   RO          154    .rodata.LCD_Begin.wake_on  mcufriend_kbv.o
    0x0800b976   0x0800b976   0x00000280   Data   RO          112    .rodata.font        mcufriend_kbv.o
    0x0800bbf6   0x0800bbf6   0x0000000a   Data   RO          176    .rodata.str1.1      avatar.o
    0x0800bc00   0x0800bc00   0x00000046   Data   RO          229    .rodata.str1.1      main.o
    0x0800bc46   0x0800bc46   0x00000002   PAD
    0x0800bc48   0x0800bc48   0x00000020   Data   RO         3234    Region$$Table       anon$$obj.o


    Execution Region RW_IRAM1 (Exec base: 0x20000000, Load base: 0x0800bc68, Size: 0x000007c0, Max: 0x00020000, ABSOLUTE)

    Exec Addr    Load Addr    Size         Type   Attr      Idx    E Section Name        Object

    0x20000000   0x0800bc68   0x00000004   Data   RW         3072    .data               mc_w.l(rand.o)
    0x20000004   0x0800bc6c   0x00000004   Data   RW         3187    .data               mc_w.l(stdout.o)
    0x20000008   0x0800bc70   0x00000002   Data   RW          102    .data.HEIGHT        mcufriend_kbv.o
    0x2000000a   0x0800bc72   0x00000002   PAD
    0x2000000c   0x0800bc74   0x00000004   Data   RW         1296    .data.SystemCoreClock  system_stm32f4xx.o
    0x20000010   0x0800bc78   0x00000004   Data   RW          226    .data.Tx_buffer     main.o
    0x20000014   0x0800bc7c   0x00000002   Data   RW          101    .data.WIDTH         mcufriend_kbv.o
    0x20000016   0x0800bc7e   0x00000002   Data   RW          100    .data._height       mcufriend_kbv.o
    0x20000018   0x0800bc80   0x00000002   Data   RW           99    .data._width        mcufriend_kbv.o
    0x2000001a   0x0800bc82   0x00000002   PAD
    0x2000001c   0x0800bc84   0x00000004   Data   RW          175    .data.c             avatar.o
    0x20000020   0x0800bc88   0x00000004   Data   RW          210    .data.speed         main.o
    0x20000024   0x0800bc8c   0x00000002   Data   RW          105    .data.textcolor     mcufriend_kbv.o
    0x20000026   0x0800bc8e   0x00000001   Data   RW          107    .data.textsize_x    mcufriend_kbv.o
    0x20000027   0x0800bc8f   0x00000001   Data   RW          108    .data.textsize_y    mcufriend_kbv.o
    0x20000028   0x0800bc90   0x00000001   Data   RW         1129    .data.uwTickFreq    stm32f4xx_hal.o
    0x20000029   0x0800bc91   0x00000003   PAD
    0x2000002c   0x0800bc94   0x00000004   Data   RW         1128    .data.uwTickPrio    stm32f4xx_hal.o
    0x20000030        -       0x00000001   Zero   RW          228    .bss.ID             main.o
    0x20000031        -       0x00000100   Zero   RW          113    .bss.LCD_Printf.buf  mcufriend_kbv.o
    0x20000131        -       0x00000001   Zero   RW          227    .bss.POSITION_VAL   main.o
    0x20000132        -       0x00000004   Zero   RW          234    .bss.Rx_buffer      main.o
    0x20000136   0x0800bc98   0x00000002   PAD
    0x20000138        -       0x00000004   Zero   RW          216    .bss.Score          main.o
    0x2000013c        -       0x00000002   Zero   RW          125    .bss._EC            mcufriend_kbv.o
    0x2000013e        -       0x00000002   Zero   RW          127    .bss._EP            mcufriend_kbv.o
    0x20000140        -       0x00000002   Zero   RW          119    .bss._MC            mcufriend_kbv.o
    0x20000142        -       0x00000002   Zero   RW          120    .bss._MP            mcufriend_kbv.o
    0x20000144        -       0x00000002   Zero   RW          116    .bss._MW            mcufriend_kbv.o
    0x20000146        -       0x00000002   Zero   RW          124    .bss._SC            mcufriend_kbv.o
    0x20000148        -       0x00000002   Zero   RW          126    .bss._SP            mcufriend_kbv.o
    0x2000014a        -       0x00000002   Zero   RW          121    .bss._lcd_ID        mcufriend_kbv.o
    0x2000014c        -       0x00000002   Zero   RW          118    .bss._lcd_capable   mcufriend_kbv.o
    0x2000014e        -       0x00000002   Zero   RW          128    .bss._lcd_madctl    mcufriend_kbv.o
    0x20000150        -       0x00000002   Zero   RW          123    .bss._lcd_rev       mcufriend_kbv.o
    0x20000152        -       0x00000002   Zero   RW          129    .bss._lcd_xor       mcufriend_kbv.o
    0x20000154        -       0x0000001c   Zero   RW          230    .bss.avatar         main.o
    0x20000170        -       0x00000004   Zero   RW          174    .bss.b              avatar.o
    0x20000174        -       0x00000004   Zero   RW          217    .bss.comparaisons   main.o
    0x20000178        -       0x00000004   Zero   RW          215    .bss.compte         main.o
    0x2000017c        -       0x00000002   Zero   RW          103    .bss.cursor_x       mcufriend_kbv.o
    0x2000017e        -       0x00000002   Zero   RW          104    .bss.cursor_y       mcufriend_kbv.o
    0x20000180        -       0x00000001   Zero   RW          114    .bss.done_reset     mcufriend_kbv.o
    0x20000181   0x0800bc98   0x00000003   PAD
    0x20000184        -       0x00000004   Zero   RW          220    .bss.flag           main.o
    0x20000188        -       0x00000004   Zero   RW          221    .bss.flag1          main.o
    0x2000018c        -       0x00000004   Zero   RW          222    .bss.flag2          main.o
    0x20000190        -       0x00000004   Zero   RW          209    .bss.full_timer     main.o
    0x20000194        -       0x00000004   Zero   RW          206    .bss.gameover       main.o
    0x20000198        -       0x00000004   Zero   RW          223    .bss.hauteur        main.o
    0x2000019c        -       0x00000060   Zero   RW          299    .bss.hdma_uart5_rx  usart.o
    0x200001fc        -       0x00000060   Zero   RW          300    .bss.hdma_uart5_tx  usart.o
    0x2000025c        -       0x00000048   Zero   RW          279    .bss.htim1          tim.o
    0x200002a4        -       0x00000048   Zero   RW          280    .bss.htim2          tim.o
    0x200002ec        -       0x00000044   Zero   RW          298    .bss.huart2         usart.o
    0x20000330        -       0x00000044   Zero   RW          297    .bss.huart5         usart.o
    0x20000374        -       0x00000001   Zero   RW          219    .bss.id_Tx          main.o
    0x20000375        -       0x00000001   Zero   RW          122    .bss.is555          mcufriend_kbv.o
    0x20000376        -       0x00000001   Zero   RW          117    .bss.is8347         mcufriend_kbv.o
    0x20000377   0x0800bc98   0x00000001   PAD
    0x20000378        -       0x00000004   Zero   RW          225    .bss.local_time     main.o
    0x2000037c        -       0x00000004   Zero   RW          224    .bss.mesure_2       main.o
    0x20000380        -       0x00000004   Zero   RW          173    .bss.n              avatar.o
    0x20000384        -       0x00000018   Zero   RW          231    .bss.obstacle       main.o
    0x2000039c        -       0x00000001   Zero   RW          211    .bss.posy           main.o
    0x2000039d        -       0x00000001   Zero   RW          109    .bss.rotation       mcufriend_kbv.o
    0x2000039e        -       0x00000001   Zero   RW          232    .bss.rx_buff_Full   main.o
    0x2000039f   0x0800bc98   0x00000001   PAD
    0x200003a0        -       0x00000004   Zero   RW          207    .bss.scroll         main.o
    0x200003a4        -       0x00000002   Zero   RW          106    .bss.textbgcolor    mcufriend_kbv.o
    0x200003a6   0x0800bc98   0x00000002   PAD
    0x200003a8        -       0x00000004   Zero   RW          208    .bss.timer          main.o
    0x200003ac        -       0x00000001   Zero   RW          233    .bss.tx_buff_empty  main.o
    0x200003ad   0x0800bc98   0x00000003   PAD
    0x200003b0        -       0x00000004   Zero   RW         1130    .bss.uwTick         stm32f4xx_hal.o
    0x200003b4        -       0x00000004   Zero   RW          218    .bss.value          main.o
    0x200003b8        -       0x00000001   Zero   RW          110    .bss.wrap           mcufriend_kbv.o
    0x200003b9   0x0800bc98   0x00000003   PAD
    0x200003bc        -       0x00000004   Zero   RW          212    .bss.y              main.o
    0x200003c0        -       0x00000400   Zero   RW            1    STACK               startup_stm32f446xx.o


==============================================================================

Image component sizes


      Code (inc. data)   RO Data    RW Data    ZI Data      Debug   Object Name

      3896          8         10          4          8       4464   avatar.o
        80          0          0          0          0       3478   dma.o
       396          0          0          0          0       4262   gpio.o
      2414          8         70          8        122      10096   main.o
     15136          4       2456         12        291      19548   mcufriend_kbv.o
        36          8        452          0       1024        848   startup_stm32f446xx.o
       276          0          0          5          4       7309   stm32f4xx_hal.o
       482          0          0          0          0       9535   stm32f4xx_hal_cortex.o
      2068          8          8          0          0       8474   stm32f4xx_hal_dma.o
      1070          0          0          0          0       5199   stm32f4xx_hal_gpio.o
        82          0          0          0          0       1578   stm32f4xx_hal_msp.o
       690          0          0          0          0       7700   stm32f4xx_hal_rcc.o
      2198         14          0          0          0      11020   stm32f4xx_hal_rcc_ex.o
      5836         42          0          0          0      35758   stm32f4xx_hal_tim.o
       484          0          0          0          0      15262   stm32f4xx_hal_tim_ex.o
      4102          0          0          0          0      20116   stm32f4xx_hal_uart.o
       122          0          0          0          0       1655   stm32f4xx_it.o
        18          0         24          4          0       2609   system_stm32f4xx.o
      1060          0          0          0        144       9987   tim.o
       684          0          0          0        328       7386   usart.o

    ----------------------------------------------------------------------
     41280         92       3056         40       1936     186284   Object Totals
         0          0         32          0          0          0   (incl. Generated)
       150          0          4          7         15          0   (incl. Padding)

    ----------------------------------------------------------------------

      Code (inc. data)   RO Data    RW Data    ZI Data      Debug   Library Member Name

         0          0          0          0          0          0   entry.o
         0          0          0          0          0          0   entry10a.o
         0          0          0          0          0          0   entry11a.o
         8          4          0          0          0          0   entry2.o
         4          0          0          0          0          0   entry5.o
         0          0          0          0          0          0   entry7b.o
         0          0          0          0          0          0   entry8b.o
         8          4          0          0          0          0   entry9a.o
        30          0          0          0          0          0   handlers.o
        36          8          0          0          0         68   init.o
         0          0          0          0          0          0   iusefp.o
        30          0          0          0          0         68   llshl.o
        36          0          0          0          0         68   llsshr.o
        32          0          0          0          0         68   llushr.o
        36          0          0          0          0        108   memseta.o
      2344        102          0          0          0        684   printfa.o
        36         10          0          4          0        136   rand.o
         8          0          0          0          0         68   siabs.o
         0          0          0          4          0          0   stdout.o
        44          0          0          0          0         80   uidiv.o
        98          0          0          0          0         92   uldiv.o
        48          0          0          0          0         68   cdrcmple.o
       334          0          0          0          0        148   dadd.o
       222          0          0          0          0        100   ddiv.o
       186          0          0          0          0        176   depilogue.o
        50          0          0          0          0         76   dfixui.o
        48          0          0          0          0         68   dfixul.o
        26          0          0          0          0         76   dfltui.o
       228          0          0          0          0         96   dmul.o

    ----------------------------------------------------------------------
      3896        128          0          8          0       2248   Library Totals
         4          0          0          0          0          0   (incl. Padding)

    ----------------------------------------------------------------------

      Code (inc. data)   RO Data    RW Data    ZI Data      Debug   Library Name

      2750        128          0          8          0       1440   mc_w.l
      1142          0          0          0          0        808   mf_w.l

    ----------------------------------------------------------------------
      3896        128          0          8          0       2248   Library Totals

    ----------------------------------------------------------------------

==============================================================================


      Code (inc. data)   RO Data    RW Data    ZI Data      Debug   

     45176        220       3056         48       1936     187284   Grand Totals
     45176        220       3056         48       1936     187284   ELF Image Totals
     45176        220       3056         48          0          0   ROM Totals

==============================================================================

    Total RO  Size (Code + RO Data)                48232 (  47.10kB)
    Total RW  Size (RW Data + ZI Data)              1984 (   1.94kB)
    Total ROM Size (Code + RO Data + RW Data)      48280 (  47.15kB)

==============================================================================

